Component: ARM Compiler 5.06 update 5 (build 528) Tool: armlink [4d35e2]

==============================================================================

Section Cross References

    main.o(i.main) refers to system_stm32f10x.o(i.SystemInit) for SystemInit
    main.o(i.main) refers to serial.o(i.Serial_Init) for Serial_Init
    main.o(i.main) refers to lcd.o(i.LCD_Configuration) for LCD_Configuration
    main.o(i.main) refers to lcd.o(i.Touch_Init) for Touch_Init
    main.o(i.main) refers to lcd.o(i.LCD_Init) for LCD_Init
    main.o(i.main) refers to lcd.o(i.Touch_Check) for Touch_Check
    main.o(i.main) refers to lcd.o(i.Game) for Game
    dma.o(i.Delay_ms) refers to dma.o(i.Delay_us) for Delay_us
    dma.o(i.Delay_s) refers to dma.o(i.Delay_ms) for Delay_ms
    dma.o(i.MyDMA_Init) refers to stm32f10x_rcc.o(i.RCC_AHBPeriphClockCmd) for RCC_AHBPeriphClockCmd
    dma.o(i.MyDMA_Init) refers to stm32f10x_dma.o(i.DMA_Init) for DMA_Init
    dma.o(i.MyDMA_Init) refers to stm32f10x_dma.o(i.DMA_Cmd) for DMA_Cmd
    dma.o(i.MyDMA_Init) refers to dma.o(.data) for MyDMA_Size
    dma.o(i.MyDMA_Transfer) refers to stm32f10x_dma.o(i.DMA_Cmd) for DMA_Cmd
    dma.o(i.MyDMA_Transfer) refers to stm32f10x_dma.o(i.DMA_GetFlagStatus) for DMA_GetFlagStatus
    dma.o(i.MyDMA_Transfer) refers to stm32f10x_dma.o(i.DMA_ClearFlag) for DMA_ClearFlag
    exti.o(i.Count_KEY_Init) refers to stm32f10x_rcc.o(i.RCC_APB2PeriphClockCmd) for RCC_APB2PeriphClockCmd
    exti.o(i.Count_KEY_Init) refers to stm32f10x_gpio.o(i.GPIO_Init) for GPIO_Init
    exti.o(i.EXTI9_5_IRQHandler) refers to stm32f10x_exti.o(i.EXTI_GetITStatus) for EXTI_GetITStatus
    exti.o(i.EXTI9_5_IRQHandler) refers to stm32f10x_exti.o(i.EXTI_ClearITPendingBit) for EXTI_ClearITPendingBit
    exti.o(i.EXTI9_5_IRQHandler) refers to exti.o(.data) for temps
    exti.o(i.EXTIX_Init) refers to stm32f10x_rcc.o(i.RCC_APB2PeriphClockCmd) for RCC_APB2PeriphClockCmd
    exti.o(i.EXTIX_Init) refers to stm32f10x_gpio.o(i.GPIO_EXTILineConfig) for GPIO_EXTILineConfig
    exti.o(i.EXTIX_Init) refers to stm32f10x_exti.o(i.EXTI_Init) for EXTI_Init
    exti.o(i.EXTIX_Init) refers to misc.o(i.NVIC_Init) for NVIC_Init
    exti.o(i.EXTI_test) refers to exti.o(i.LED_Configuration) for LED_Configuration
    exti.o(i.EXTI_test) refers to exti.o(i.Count_KEY_Init) for Count_KEY_Init
    exti.o(i.EXTI_test) refers to exti.o(i.EXTIX_Init) for EXTIX_Init
    exti.o(i.LED_Configuration) refers to stm32f10x_rcc.o(i.RCC_APB2PeriphClockCmd) for RCC_APB2PeriphClockCmd
    exti.o(i.LED_Configuration) refers to stm32f10x_gpio.o(i.GPIO_Init) for GPIO_Init
    systick.o(i.SysTick_Handler) refers to systick.o(i.time_handle) for time_handle
    systick.o(i.systick_init) refers to stm32f10x_rcc.o(i.RCC_GetClocksFreq) for RCC_GetClocksFreq
    systick.o(i.systick_init) refers to misc.o(i.SysTick_CLKSourceConfig) for SysTick_CLKSourceConfig
    systick.o(i.time_handle) refers to uart.o(.data) for RecvTimeOver
    systick.o(i.time_handle) refers to systick.o(.data) for Time1msConunt
    uart.o(i.NVIC_Configuration) refers to misc.o(i.NVIC_SetVectorTable) for NVIC_SetVectorTable
    uart.o(i.NVIC_Configuration) refers to misc.o(i.NVIC_PriorityGroupConfig) for NVIC_PriorityGroupConfig
    uart.o(i.NVIC_Configuration) refers to misc.o(i.NVIC_Init) for NVIC_Init
    uart.o(i.RS232_Configuration) refers to stm32f10x_rcc.o(i.RCC_APB2PeriphClockCmd) for RCC_APB2PeriphClockCmd
    uart.o(i.RS232_Configuration) refers to stm32f10x_gpio.o(i.GPIO_Init) for GPIO_Init
    uart.o(i.RS232_Configuration) refers to stm32f10x_usart.o(i.USART_Init) for USART_Init
    uart.o(i.RS232_Configuration) refers to stm32f10x_usart.o(i.USART_ITConfig) for USART_ITConfig
    uart.o(i.RS232_Configuration) refers to stm32f10x_usart.o(i.USART_ClearITPendingBit) for USART_ClearITPendingBit
    uart.o(i.RS232_Configuration) refers to stm32f10x_usart.o(i.USART_Cmd) for USART_Cmd
    uart.o(i.RS232_FrameHandle) refers to uart.o(i.RS232_FrameCheck) for RS232_FrameCheck
    uart.o(i.RS232_FrameHandle) refers to stm32f10x_usart.o(i.USART_SendData) for USART_SendData
    uart.o(i.RS232_FrameHandle) refers to uart.o(.data) for SendPos
    uart.o(i.RS232_FrameHandle) refers to uart.o(.bss) for USART_Rxbuf
    iic-lib.o(i.I2C_Master_BufferRead) refers to stm32f10x_i2c.o(i.I2C_GetFlagStatus) for I2C_GetFlagStatus
    iic-lib.o(i.I2C_Master_BufferRead) refers to stm32f10x_i2c.o(i.I2C_AcknowledgeConfig) for I2C_AcknowledgeConfig
    iic-lib.o(i.I2C_Master_BufferRead) refers to stm32f10x_i2c.o(i.I2C_GenerateSTART) for I2C_GenerateSTART
    iic-lib.o(i.I2C_Master_BufferRead) refers to stm32f10x_i2c.o(i.I2C_CheckEvent) for I2C_CheckEvent
    iic-lib.o(i.I2C_Master_BufferRead) refers to stm32f10x_i2c.o(i.I2C_Send7bitAddress) for I2C_Send7bitAddress
    iic-lib.o(i.I2C_Master_BufferRead) refers to stm32f10x_i2c.o(i.I2C_SendData) for I2C_SendData
    iic-lib.o(i.I2C_Master_BufferRead) refers to stm32f10x_i2c.o(i.I2C_GenerateSTOP) for I2C_GenerateSTOP
[...]
    Removing stm32f10x_spi.o(i.SPI_I2S_GetITStatus), (52 bytes).
    Removing stm32f10x_spi.o(i.SPI_I2S_ITConfig), (32 bytes).
    Removing stm32f10x_spi.o(i.SPI_I2S_ReceiveData), (6 bytes).
    Removing stm32f10x_spi.o(i.SPI_I2S_SendData), (4 bytes).
    Removing stm32f10x_spi.o(i.SPI_Init), (60 bytes).
    Removing stm32f10x_spi.o(i.SPI_NSSInternalSoftwareConfig), (30 bytes).
    Removing stm32f10x_spi.o(i.SPI_SSOutputCmd), (24 bytes).
    Removing stm32f10x_spi.o(i.SPI_StructInit), (24 bytes).
    Removing stm32f10x_spi.o(i.SPI_TransmitCRC), (10 bytes).
    Removing stm32f10x_exti.o(i.EXTI_ClearFlag), (12 bytes).
    Removing stm32f10x_exti.o(i.EXTI_DeInit), (36 bytes).
    Removing stm32f10x_exti.o(i.EXTI_GenerateSWInterrupt), (16 bytes).
    Removing stm32f10x_exti.o(i.EXTI_GetFlagStatus), (24 bytes).
    Removing stm32f10x_exti.o(i.EXTI_StructInit), (16 bytes).
    Removing stm32f10x_rtc.o(i.RTC_ClearFlag), (16 bytes).
    Removing stm32f10x_rtc.o(i.RTC_ClearITPendingBit), (16 bytes).
    Removing stm32f10x_rtc.o(i.RTC_EnterConfigMode), (20 bytes).
    Removing stm32f10x_rtc.o(i.RTC_ExitConfigMode), (20 bytes).
    Removing stm32f10x_rtc.o(i.RTC_GetCounter), (20 bytes).
    Removing stm32f10x_rtc.o(i.RTC_GetDivider), (24 bytes).
    Removing stm32f10x_rtc.o(i.RTC_GetFlagStatus), (24 bytes).
    Removing stm32f10x_rtc.o(i.RTC_GetITStatus), (36 bytes).
    Removing stm32f10x_rtc.o(i.RTC_ITConfig), (32 bytes).
    Removing stm32f10x_rtc.o(i.RTC_SetAlarm), (28 bytes).
    Removing stm32f10x_rtc.o(i.RTC_SetCounter), (28 bytes).
    Removing stm32f10x_rtc.o(i.RTC_SetPrescaler), (32 bytes).
    Removing stm32f10x_rtc.o(i.RTC_WaitForLastTask), (20 bytes).
    Removing stm32f10x_rtc.o(i.RTC_WaitForSynchro), (36 bytes).
    Removing stm32f10x_pwr.o(i.PWR_BackupAccessCmd), (12 bytes).
    Removing stm32f10x_pwr.o(i.PWR_ClearFlag), (20 bytes).
    Removing stm32f10x_pwr.o(i.PWR_DeInit), (22 bytes).
    Removing stm32f10x_pwr.o(i.PWR_EnterSTANDBYMode), (52 bytes).
    Removing stm32f10x_pwr.o(i.PWR_EnterSTOPMode), (52 bytes).
    Removing stm32f10x_pwr.o(i.PWR_GetFlagStatus), (24 bytes).
    Removing stm32f10x_pwr.o(i.PWR_PVDCmd), (12 bytes).
    Removing stm32f10x_pwr.o(i.PWR_PVDLevelConfig), (24 bytes).
    Removing stm32f10x_pwr.o(i.PWR_WakeUpPinCmd), (12 bytes).
    Removing stm32f10x_dma.o(i.DMA_ClearFlag), (28 bytes).
    Removing stm32f10x_dma.o(i.DMA_ClearITPendingBit), (28 bytes).
    Removing stm32f10x_dma.o(i.DMA_Cmd), (22 bytes).
    Removing stm32f10x_dma.o(i.DMA_DeInit), (324 bytes).
    Removing stm32f10x_dma.o(i.DMA_GetCurrDataCounter), (8 bytes).
    Removing stm32f10x_dma.o(i.DMA_GetFlagStatus), (44 bytes).
    Removing stm32f10x_dma.o(i.DMA_GetITStatus), (44 bytes).
    Removing stm32f10x_dma.o(i.DMA_ITConfig), (18 bytes).
    Removing stm32f10x_dma.o(i.DMA_Init), (60 bytes).
    Removing stm32f10x_dma.o(i.DMA_StructInit), (26 bytes).
    Removing stm32f10x_crc.o(i.CRC_CalcBlockCRC), (36 bytes).
    Removing stm32f10x_crc.o(i.CRC_CalcCRC), (16 bytes).
    Removing stm32f10x_crc.o(i.CRC_GetCRC), (12 bytes).
    Removing stm32f10x_crc.o(i.CRC_GetIDRegister), (12 bytes).
    Removing stm32f10x_crc.o(i.CRC_ResetDR), (12 bytes).
    Removing stm32f10x_crc.o(i.CRC_SetIDRegister), (12 bytes).
    Removing stm32f10x_dbgmcu.o(i.DBGMCU_Config), (32 bytes).
    Removing stm32f10x_dbgmcu.o(i.DBGMCU_GetDEVID), (16 bytes).
    Removing stm32f10x_dbgmcu.o(i.DBGMCU_GetREVID), (12 bytes).
    Removing stm32f10x_flash.o(i.FLASH_ClearFlag), (12 bytes).
    Removing stm32f10x_flash.o(i.FLASH_EnableWriteProtection), (196 bytes).
    Removing stm32f10x_flash.o(i.FLASH_EraseAllPages), (76 bytes).
    Removing stm32f10x_flash.o(i.FLASH_EraseOptionBytes), (160 bytes).
    Removing stm32f10x_flash.o(i.FLASH_ErasePage), (80 bytes).
    Removing stm32f10x_flash.o(i.FLASH_GetFlagStatus), (48 bytes).
    Removing stm32f10x_flash.o(i.FLASH_GetPrefetchBufferStatus), (24 bytes).
    Removing stm32f10x_flash.o(i.FLASH_GetReadOutProtectionStatus), (24 bytes).
    Removing stm32f10x_flash.o(i.FLASH_GetStatus), (52 bytes).
    Removing stm32f10x_flash.o(i.FLASH_GetUserOptionByte), (12 bytes).
    Removing stm32f10x_flash.o(i.FLASH_GetWriteProtectionOptionByte), (12 bytes).
    Removing stm32f10x_flash.o(i.FLASH_HalfCycleAccessCmd), (28 bytes).
    Removing stm32f10x_flash.o(i.FLASH_ITConfig), (32 bytes).
    Removing stm32f10x_flash.o(i.FLASH_Lock), (20 bytes).
    Removing stm32f10x_flash.o(i.FLASH_PrefetchBufferCmd), (28 bytes).
    Removing stm32f10x_flash.o(i.FLASH_ProgramHalfWord), (68 bytes).
    Removing stm32f10x_flash.o(i.FLASH_ProgramOptionByteData), (84 bytes).
    Removing stm32f10x_flash.o(i.FLASH_ProgramWord), (104 bytes).
    Removing stm32f10x_flash.o(i.FLASH_ReadOutProtection), (172 bytes).
    Removing stm32f10x_flash.o(i.FLASH_SetLatency), (24 bytes).
    Removing stm32f10x_flash.o(i.FLASH_Unlock), (24 bytes).
    Removing stm32f10x_flash.o(i.FLASH_UserOptionByteConfig), (108 bytes).
    Removing stm32f10x_flash.o(i.FLASH_WaitForLastOperation), (42 bytes).
    Removing stm32f10x_flash.o(i.delay), (26 bytes).
    Removing stm32f10x_iwdg.o(i.IWDG_Enable), (16 bytes).
    Removing stm32f10x_iwdg.o(i.IWDG_GetFlagStatus), (24 bytes).
    Removing stm32f10x_iwdg.o(i.IWDG_ReloadCounter), (16 bytes).
    Removing stm32f10x_iwdg.o(i.IWDG_SetPrescaler), (12 bytes).
    Removing stm32f10x_iwdg.o(i.IWDG_SetReload), (12 bytes).
    Removing stm32f10x_iwdg.o(i.IWDG_WriteAccessCmd), (12 bytes).
    Removing stm32f10x_sdio.o(i.SDIO_CEATAITCmd), (16 bytes).
    Removing stm32f10x_sdio.o(i.SDIO_ClearFlag), (12 bytes).
    Removing stm32f10x_sdio.o(i.SDIO_ClearITPendingBit), (12 bytes).
    Removing stm32f10x_sdio.o(i.SDIO_ClockCmd), (12 bytes).
    Removing stm32f10x_sdio.o(i.SDIO_CmdStructInit), (14 bytes).
    Removing stm32f10x_sdio.o(i.SDIO_CommandCompletionCmd), (12 bytes).
    Removing stm32f10x_sdio.o(i.SDIO_DMACmd), (12 bytes).
    Removing stm32f10x_sdio.o(i.SDIO_DataConfig), (48 bytes).
    Removing stm32f10x_sdio.o(i.SDIO_DataStructInit), (20 bytes).
    Removing stm32f10x_sdio.o(i.SDIO_DeInit), (36 bytes).
    Removing stm32f10x_sdio.o(i.SDIO_GetCommandResponse), (12 bytes).
    Removing stm32f10x_sdio.o(i.SDIO_GetDataCounter), (12 bytes).
    Removing stm32f10x_sdio.o(i.SDIO_GetFIFOCount), (12 bytes).
    Removing stm32f10x_sdio.o(i.SDIO_GetFlagStatus), (24 bytes).
    Removing stm32f10x_sdio.o(i.SDIO_GetITStatus), (24 bytes).
    Removing stm32f10x_sdio.o(i.SDIO_GetPowerState), (16 bytes).
    Removing stm32f10x_sdio.o(i.SDIO_GetResponse), (16 bytes).
    Removing stm32f10x_sdio.o(i.SDIO_ITConfig), (32 bytes).
    Removing stm32f10x_sdio.o(i.SDIO_Init), (48 bytes).
    Removing stm32f10x_sdio.o(i.SDIO_ReadData), (12 bytes).
    Removing stm32f10x_sdio.o(i.SDIO_SendCEATACmd), (12 bytes).
    Removing stm32f10x_sdio.o(i.SDIO_SendCommand), (44 bytes).
    Removing stm32f10x_sdio.o(i.SDIO_SendSDIOSuspendCmd), (12 bytes).
    Removing stm32f10x_sdio.o(i.SDIO_SetPowerState), (28 bytes).
    Removing stm32f10x_sdio.o(i.SDIO_SetSDIOOperation), (12 bytes).
    Removing stm32f10x_sdio.o(i.SDIO_SetSDIOReadWaitMode), (12 bytes).
    Removing stm32f10x_sdio.o(i.SDIO_StartSDIOReadWait), (12 bytes).
    Removing stm32f10x_sdio.o(i.SDIO_StopSDIOReadWait), (12 bytes).
    Removing stm32f10x_sdio.o(i.SDIO_StructInit), (16 bytes).
    Removing stm32f10x_sdio.o(i.SDIO_WriteData), (12 bytes).
    Removing stm32f10x_wwdg.o(i.WWDG_ClearFlag), (12 bytes).
    Removing stm32f10x_wwdg.o(i.WWDG_DeInit), (22 bytes).
    Removing stm32f10x_wwdg.o(i.WWDG_Enable), (16 bytes).
    Removing stm32f10x_wwdg.o(i.WWDG_EnableIT), (12 bytes).
    Removing stm32f10x_wwdg.o(i.WWDG_GetFlagStatus), (12 bytes).
    Removing stm32f10x_wwdg.o(i.WWDG_SetCounter), (16 bytes).
    Removing stm32f10x_wwdg.o(i.WWDG_SetPrescaler), (24 bytes).
    Removing stm32f10x_wwdg.o(i.WWDG_SetWindowValue), (28 bytes).
    Removing system_stm32f10x.o(.constdata), (20 bytes).
    Removing dfixui.o(.text), (50 bytes).
    Removing dfixul.o(.text), (48 bytes).

465 unused section(s) (total 19562 bytes) removed from the image.

==============================================================================

Image Symbol Table

    Local Symbols

    Symbol Name                              Value     Ov Type        Size  Object(Section)

    ../clib/microlib/division.c              0x00000000   Number         0  ldiv.o ABSOLUTE
    ../clib/microlib/division.c              0x00000000   Number         0  uidiv.o ABSOLUTE
    ../clib/microlib/division.c              0x00000000   Number         0  uldiv.o ABSOLUTE
    ../clib/microlib/errno.c                 0x00000000   Number         0  errno.o ABSOLUTE
    ../clib/microlib/init/entry.s            0x00000000   Number         0  entry5.o ABSOLUTE
    ../clib/microlib/init/entry.s            0x00000000   Number         0  entry7b.o ABSOLUTE
    ../clib/microlib/init/entry.s            0x00000000   Number         0  entry8a.o ABSOLUTE
    ../clib/microlib/init/entry.s            0x00000000   Number         0  entry8b.o ABSOLUTE
    ../clib/microlib/init/entry.s            0x00000000   Number         0  entry9a.o ABSOLUTE
    ../clib/microlib/init/entry.s            0x00000000   Number         0  entry9b.o ABSOLUTE
    ../clib/microlib/init/entry.s            0x00000000   Number         0  entry.o ABSOLUTE
    ../clib/microlib/init/entry.s            0x00000000   Number         0  entry10b.o ABSOLUTE
    ../clib/microlib/init/entry.s            0x00000000   Number         0  entry10a.o ABSOLUTE
    ../clib/microlib/init/entry.s            0x00000000   Number         0  entry11b.o ABSOLUTE
    ../clib/microlib/init/entry.s            0x00000000   Number         0  entry11a.o ABSOLUTE
    ../clib/microlib/init/entry.s            0x00000000   Number         0  entry7a.o ABSOLUTE
    ../clib/microlib/init/entry.s            0x00000000   Number         0  entry2.o ABSOLUTE
    ../clib/microlib/longlong.c              0x00000000   Number         0  llsshr.o ABSOLUTE
    ../clib/microlib/longlong.c              0x00000000   Number         0  llushr.o ABSOLUTE
    ../clib/microlib/longlong.c              0x00000000   Number         0  llshl.o ABSOLUTE
    ../clib/microlib/malloc/malloc.c         0x00000000   Number         0  mallocra.o ABSOLUTE
    ../clib/microlib/malloc/malloc.c         0x00000000   Number         0  malloc.o ABSOLUTE
    ../clib/microlib/malloc/malloc.c         0x00000000   Number         0  malloca.o ABSOLUTE
    ../clib/microlib/malloc/malloc.c         0x00000000   Number         0  mallocr.o ABSOLUTE
    ../clib/microlib/malloc/mvars.c          0x00000000   Number         0  mvars.o ABSOLUTE
    ../clib/microlib/printf/printf.c         0x00000000   Number         0  printf2.o ABSOLUTE
    ../clib/microlib/printf/printf.c         0x00000000   Number         0  printf1.o ABSOLUTE
    ../clib/microlib/printf/printf.c         0x00000000   Number         0  printfa.o ABSOLUTE
    ../clib/microlib/printf/printf.c         0x00000000   Number         0  printf0.o ABSOLUTE
    ../clib/microlib/printf/printf.c         0x00000000   Number         0  printfb.o ABSOLUTE
    ../clib/microlib/printf/printf.c         0x00000000   Number         0  printf8.o ABSOLUTE
    ../clib/microlib/printf/printf.c         0x00000000   Number         0  printf7.o ABSOLUTE
    ../clib/microlib/printf/printf.c         0x00000000   Number         0  printf5.o ABSOLUTE
    ../clib/microlib/printf/printf.c         0x00000000   Number         0  printf6.o ABSOLUTE
    ../clib/microlib/printf/printf.c         0x00000000   Number         0  printf4.o ABSOLUTE
    ../clib/microlib/printf/printf.c         0x00000000   Number         0  printf3.o ABSOLUTE
    ../clib/microlib/printf/stubs.s          0x00000000   Number         0  stubs.o ABSOLUTE
    ../clib/microlib/stdio/fputc.c           0x00000000   Number         0  fputc.o ABSOLUTE
    ../clib/microlib/stdio/semi.s            0x00000000   Number         0  semi.o ABSOLUTE
    ../clib/microlib/stdio/streams.c         0x00000000   Number         0  stdout.o ABSOLUTE
    ../clib/microlib/string/memcpy.c         0x00000000   Number         0  memcpyb.o ABSOLUTE
    ../clib/microlib/string/memcpy.c         0x00000000   Number         0  memcpya.o ABSOLUTE
    ../clib/microlib/stubs.s                 0x00000000   Number         0  iusefp.o ABSOLUTE
    ../clib/microlib/stubs.s                 0x00000000   Number         0  iusesemip.o ABSOLUTE
    ../fplib/microlib/fpadd.c                0x00000000   Number         0  dadd.o ABSOLUTE
    ../fplib/microlib/fpdiv.c                0x00000000   Number         0  ddiv.o ABSOLUTE
    ../fplib/microlib/fpepilogue.c           0x00000000   Number         0  depilogue.o ABSOLUTE
    ../fplib/microlib/fpfix.c                0x00000000   Number         0  dfixi.o ABSOLUTE
    ../fplib/microlib/fpfix.c                0x00000000   Number         0  dfixul.o ABSOLUTE
    ../fplib/microlib/fpfix.c                0x00000000   Number         0  dfixui.o ABSOLUTE
    ../fplib/microlib/fpflt.c                0x00000000   Number         0  dfltui.o ABSOLUTE
    ../fplib/microlib/fpflt.c                0x00000000   Number         0  dflti.o ABSOLUTE
    ../fplib/microlib/fpmul.c                0x00000000   Number         0  dmul.o ABSOLUTE
    ../fplib/microlib/fprnd.c                0x00000000   Number         0  drnd.o ABSOLUTE
    ../fplib/microlib/fpscalb.c              0x00000000   Number         0  dscalb.o ABSOLUTE
    ../fplib/microlib/fpsqrt.c               0x00000000   Number         0  dsqrt.o ABSOLUTE
    ../mathlib/dunder.c                      0x00000000   Number         0  dunder.o ABSOLUTE
    ../mathlib/fpclassify.c                  0x00000000   Number         0  fpclassify.o ABSOLUTE
    ../mathlib/poly.c                        0x00000000   Number         0  poly.o ABSOLUTE
    ../mathlib/pow.c                         0x00000000   Number         0  pow_x.o ABSOLUTE
    ../mathlib/pow.c                         0x00000000   Number         0  pow.o ABSOLUTE
    ../mathlib/qnan.c                        0x00000000   Number         0  qnan.o ABSOLUTE
    ../mathlib/round.c                       0x00000000   Number         0  round.o ABSOLUTE
    ../mathlib/sqrt.c                        0x00000000   Number         0  sqrt_x.o ABSOLUTE
    ../mathlib/sqrt.c                        0x00000000   Number         0  sqrt.o ABSOLUTE
    ..\..\Libraries\CMSIS\Core\CM3\startup\arm\startup_stm32f10x_hd.s 0x00000000   Number         0  startup_stm32f10x_hd.o ABSOLUTE
    ..\..\Libraries\CMSIS\Core\CM3\system_stm32f10x.c 0x00000000   Number         0  system_stm32f10x.o ABSOLUTE
    ..\..\Libraries\STM32F10x_StdPeriph_Driver\src\misc.c 0x00000000   Number         0  misc.o ABSOLUTE
    ..\..\Libraries\STM32F10x_StdPeriph_Driver\src\stm32f10x_adc.c 0x00000000   Number         0  stm32f10x_adc.o ABSOLUTE
    ..\..\Libraries\STM32F10x_StdPeriph_Driver\src\stm32f10x_bkp.c 0x00000000   Number         0  stm32f10x_bkp.o ABSOLUTE
    ..\..\Libraries\STM32F10x_StdPeriph_Driver\src\stm32f10x_can.c 0x00000000   Number         0  stm32f10x_can.o ABSOLUTE
    ..\..\Libraries\STM32F10x_StdPeriph_Driver\src\stm32f10x_crc.c 0x00000000   Number         0  stm32f10x_crc.o ABSOLUTE
    ..\..\Libraries\STM32F10x_StdPeriph_Driver\src\stm32f10x_dac.c 0x00000000   Number         0  stm32f10x_dac.o ABSOLUTE
    ..\..\Libraries\STM32F10x_StdPeriph_Driver\src\stm32f10x_dbgmcu.c 0x00000000   Number         0  stm32f10x_dbgmcu.o ABSOLUTE
    ..\..\Libraries\STM32F10x_StdPeriph_Driver\src\stm32f10x_dma.c 0x00000000   Number         0  stm32f10x_dma.o ABSOLUTE
    ..\..\Libraries\STM32F10x_StdPeriph_Driver\src\stm32f10x_exti.c 0x00000000   Number         0  stm32f10x_exti.o ABSOLUTE
    ..\..\Libraries\STM32F10x_StdPeriph_Driver\src\stm32f10x_flash.c 0x00000000   Number         0  stm32f10x_flash.o ABSOLUTE
    ..\..\Libraries\STM32F10x_StdPeriph_Driver\src\stm32f10x_fsmc.c 0x00000000   Number         0  stm32f10x_fsmc.o ABSOLUTE
    ..\..\Libraries\STM32F10x_StdPeriph_Driver\src\stm32f10x_gpio.c 0x00000000   Number         0  stm32f10x_gpio.o ABSOLUTE
    ..\..\Libraries\STM32F10x_StdPeriph_Driver\src\stm32f10x_i2c.c 0x00000000   Number         0  stm32f10x_i2c.o ABSOLUTE
    ..\..\Libraries\STM32F10x_StdPeriph_Driver\src\stm32f10x_iwdg.c 0x00000000   Number         0  stm32f10x_iwdg.o ABSOLUTE
    ..\..\Libraries\STM32F10x_StdPeriph_Driver\src\stm32f10x_pwr.c 0x00000000   Number         0  stm32f10x_pwr.o ABSOLUTE
    ..\..\Libraries\STM32F10x_StdPeriph_Driver\src\stm32f10x_rcc.c 0x00000000   Number         0  stm32f10x_rcc.o ABSOLUTE
    ..\..\Libraries\STM32F10x_StdPeriph_Driver\src\stm32f10x_rtc.c 0x00000000   Number         0  stm32f10x_rtc.o ABSOLUTE
    ..\..\Libraries\STM32F10x_StdPeriph_Driver\src\stm32f10x_sdio.c 0x00000000   Number         0  stm32f10x_sdio.o ABSOLUTE
    ..\..\Libraries\STM32F10x_StdPeriph_Driver\src\stm32f10x_spi.c 0x00000000   Number         0  stm32f10x_spi.o ABSOLUTE
    ..\..\Libraries\STM32F10x_StdPeriph_Driver\src\stm32f10x_tim.c 0x00000000   Number         0  stm32f10x_tim.o ABSOLUTE
    ..\..\Libraries\STM32F10x_StdPeriph_Driver\src\stm32f10x_usart.c 0x00000000   Number         0  stm32f10x_usart.o ABSOLUTE
    ..\..\Libraries\STM32F10x_StdPeriph_Driver\src\stm32f10x_wwdg.c 0x00000000   Number         0  stm32f10x_wwdg.o ABSOLUTE
    ..\src\EXTI.c                            0x00000000   Number         0  exti.o ABSOLUTE
    ..\src\IIC-lib.c                         0x00000000   Number         0  iic-lib.o ABSOLUTE
    ..\src\SPI.c                             0x00000000   Number         0  spi.o ABSOLUTE
    ..\src\Timer.c                           0x00000000   Number         0  timer.o ABSOLUTE
    ..\src\UART.c                            0x00000000   Number         0  uart.o ABSOLUTE
    ..\src\dma.c                             0x00000000   Number         0  dma.o ABSOLUTE
    ..\src\lcd.c                             0x00000000   Number         0  lcd.o ABSOLUTE
    ..\src\main.c                            0x00000000   Number         0  main.o ABSOLUTE
    ..\src\serial.c                          0x00000000   Number         0  serial.o ABSOLUTE
    ..\src\stm32f10x_it.c                    0x00000000   Number         0  stm32f10x_it.o ABSOLUTE
    ..\src\systick.c                         0x00000000   Number         0  systick.o ABSOLUTE
    cdcmple.s                                0x00000000   Number         0  cdcmple.o ABSOLUTE
    cdrcmple.s                               0x00000000   Number         0  cdrcmple.o ABSOLUTE
    dc.s                                     0x00000000   Number         0  dc.o ABSOLUTE
    handlers.s                               0x00000000   Number         0  handlers.o ABSOLUTE
    init.s                                   0x00000000   Number         0  init.o ABSOLUTE
    RESET                                    0x08000000   Section      304  startup_stm32f10x_hd.o(RESET)
    .ARM.Collect$$$$00000000                 0x08000130   Section        0  entry.o(.ARM.Collect$$$$00000000)
    .ARM.Collect$$$$00000001                 0x08000130   Section        4  entry2.o(.ARM.Collect$$$$00000001)
    .ARM.Collect$$$$00000004                 0x08000134   Section        4  entry5.o(.ARM.Collect$$$$00000004)
    .ARM.Collect$$$$00000008                 0x08000138   Section        0  entry7b.o(.ARM.Collect$$$$00000008)
    .ARM.Collect$$$$0000000A                 0x08000138   Section        0  entry8b.o(.ARM.Collect$$$$0000000A)
    .ARM.Collect$$$$0000000B                 0x08000138   Section        8  entry9a.o(.ARM.Collect$$$$0000000B)
    .ARM.Collect$$$$0000000D                 0x08000140   Section        0  entry10a.o(.ARM.Collect$$$$0000000D)
    .ARM.Collect$$$$0000000F                 0x08000140   Section        0  entry11a.o(.ARM.Collect$$$$0000000F)
    .ARM.Collect$$$$00002712                 0x08000140   Section        4  entry2.o(.ARM.Collect$$$$00002712)
    __lit__00000000                          0x08000140   Data           4  entry2.o(.ARM.Collect$$$$00002712)
    .text                                    0x08000144   Section       48  startup_stm32f10x_hd.o(.text)
    .text                                    0x08000174   Section        0  ldiv.o(.text)
    .text                                    0x080001d6   Section        0  dadd.o(.text)
    .text                                    0x08000324   Section        0  dmul.o(.text)
    .text                                    0x08000408   Section        0  ddiv.o(.text)
    .text                                    0x080004e6   Section        0  dflti.o(.text)
    .text                                    0x08000508   Section        0  dfltui.o(.text)
    .text                                    0x08000522   Section        0  dfixi.o(.text)
    .text                                    0x08000560   Section       48  cdcmple.o(.text)
    .text                                    0x08000590   Section        0  uidiv.o(.text)
    .text                                    0x080005bc   Section        0  uldiv.o(.text)
    .text                                    0x0800061e   Section        0  llshl.o(.text)
    .text                                    0x0800063c   Section        0  llushr.o(.text)
    .text                                    0x0800065c   Section        0  llsshr.o(.text)
    .text                                    0x08000680   Section        0  depilogue.o(.text)
    .text                                    0x08000680   Section        0  iusefp.o(.text)
    .text                                    0x0800073a   Section        0  dscalb.o(.text)
    .text                                    0x08000768   Section        0  drnd.o(.text)
    .text                                    0x080007f0   Section       48  cdrcmple.o(.text)
    .text                                    0x08000820   Section       36  init.o(.text)
    .text                                    0x08000844   Section        0  dsqrt.o(.text)
    i.BoardInit                              0x080008e6   Section        0  lcd.o(i.BoardInit)
    i.BusFault_Handler                       0x08000972   Section        0  stm32f10x_it.o(i.BusFault_Handler)
    i.ChessCapture                           0x08000978   Section        0  lcd.o(i.ChessCapture)
    i.ChessClear                             0x08000bb0   Section        0  lcd.o(i.ChessClear)
    i.ChessInit                              0x08000c94   Section        0  lcd.o(i.ChessInit)
    i.ChessMove                              0x08000cc8   Section        0  lcd.o(i.ChessMove)
    i.ChessPut                               0x08000d5c   Section        0  lcd.o(i.ChessPut)
    i.ContSet                                0x08000da8   Section        0  lcd.o(i.ContSet)
    i.DATAIN                                 0x08000dc8   Section        0  lcd.o(i.DATAIN)
    i.DATAOUT                                0x08000e0c   Section        0  lcd.o(i.DATAOUT)
    i.DebugMon_Handler                       0x08000e60   Section        0  stm32f10x_it.o(i.DebugMon_Handler)
    i.EXTI2_IRQHandler                       0x08000e64   Section        0  lcd.o(i.EXTI2_IRQHandler)
    i.EXTI9_5_IRQHandler                     0x08000e8c   Section        0  exti.o(i.EXTI9_5_IRQHandler)
    i.EXTI_ClearITPendingBit                 0x08000eac   Section        0  stm32f10x_exti.o(i.EXTI_ClearITPendingBit)
    i.EXTI_GetITStatus                       0x08000eb8   Section        0  stm32f10x_exti.o(i.EXTI_GetITStatus)
    i.EXTI_Init                              0x08000ee0   Section        0  stm32f10x_exti.o(i.EXTI_Init)
    i.FillDown                               0x08000f98   Section        0  lcd.o(i.FillDown)
    i.FillLeft                               0x08000fca   Section        0  lcd.o(i.FillLeft)
    i.FillRight                              0x08000ffc   Section        0  lcd.o(i.FillRight)
    i.FillUp                                 0x0800102e   Section        0  lcd.o(i.FillUp)
    i.GPIO_EXTILineConfig                    0x08001060   Section        0  stm32f10x_gpio.o(i.GPIO_EXTILineConfig)
    i.GPIO_Init                              0x080010a0   Section        0  stm32f10x_gpio.o(i.GPIO_Init)
    i.GPIO_PinRemapConfig                    0x080011b8   Section        0  stm32f10x_gpio.o(i.GPIO_PinRemapConfig)
    i.Game                                   0x08001228   Section        0  lcd.o(i.Game)
    i.GameCont                               0x0800131c   Section        0  lcd.o(i.GameCont)
    i.GameInit                               0x0800137c   Section        0  lcd.o(i.GameInit)
    i.GameMode                               0x08001398   Section        0  lcd.o(i.GameMode)
    i.GameOver                               0x0800147c   Section        0  lcd.o(i.GameOver)
    i.HardFault_Handler                      0x080014e4   Section        0  stm32f10x_it.o(i.HardFault_Handler)
    i.IsMoveable                             0x080014e8   Section        0  lcd.o(i.IsMoveable)
    i.IsPlayerMoveable                       0x0800156c   Section        0  lcd.o(i.IsPlayerMoveable)
    i.LCD_Clear                              0x080015d0   Section        0  lcd.o(i.LCD_Clear)
    i.LCD_Config_DIN                         0x08001620   Section        0  lcd.o(i.LCD_Config_DIN)
    i.LCD_Config_DOUT                        0x08001664   Section        0  lcd.o(i.LCD_Config_DOUT)
    i.LCD_Configuration                      0x0800169c   Section        0  lcd.o(i.LCD_Configuration)
    i.LCD_Display_Dir                        0x08001714   Section        0  lcd.o(i.LCD_Display_Dir)
    i.LCD_DrawLine                           0x0800177c   Section        0  lcd.o(i.LCD_DrawLine)
    i.LCD_DrawPoint                          0x0800182c   Section        0  lcd.o(i.LCD_DrawPoint)
    i.LCD_DrawRectangle                      0x0800186c   Section        0  lcd.o(i.LCD_DrawRectangle)
    i.LCD_Draw_Circle                        0x080018ac   Section        0  lcd.o(i.LCD_Draw_Circle)
    i.LCD_Fast_DrawPoint                     0x08001a00   Section        0  lcd.o(i.LCD_Fast_DrawPoint)
    i.LCD_Init                               0x08001af8   Section        0  lcd.o(i.LCD_Init)
    i.LCD_RD_DATA                            0x08001da4   Section        0  lcd.o(i.LCD_RD_DATA)
    i.LCD_ReadReg                            0x08001ddc   Section        0  lcd.o(i.LCD_ReadReg)
    i.LCD_Scan_Dir                           0x08001dec   Section        0  lcd.o(i.LCD_Scan_Dir)
    i.LCD_SetCursor                          0x08001e50   Section        0  lcd.o(i.LCD_SetCursor)
    i.LCD_ShowChar                           0x08001f00   Section        0  lcd.o(i.LCD_ShowChar)
    i.LCD_ShowString                         0x08002028   Section        0  lcd.o(i.LCD_ShowString)
    i.LCD_WR_DATAX                           0x08002090   Section        0  lcd.o(i.LCD_WR_DATAX)
    i.LCD_WR_REG                             0x080020bc   Section        0  lcd.o(i.LCD_WR_REG)
    i.LCD_WriteRAM                           0x080020e4   Section        0  lcd.o(i.LCD_WriteRAM)
    i.LCD_WriteRAM_Prepare                   0x08002110   Section        0  lcd.o(i.LCD_WriteRAM_Prepare)
    i.LCD_WriteReg                           0x08002120   Section        0  lcd.o(i.LCD_WriteReg)
    i.MemManage_Handler                      0x08002154   Section        0  stm32f10x_it.o(i.MemManage_Handler)
    i.ModeSet                                0x08002158   Section        0  lcd.o(i.ModeSet)
    i.NMI_Handler                            0x0800218c   Section        0  stm32f10x_it.o(i.NMI_Handler)
    i.NVIC_Init                              0x08002190   Section        0  misc.o(i.NVIC_Init)
    i.NVIC_PriorityGroupConfig               0x08002200   Section        0  misc.o(i.NVIC_PriorityGroupConfig)
    i.NVIC_SetVectorTable                    0x08002214   Section        0  misc.o(i.NVIC_SetVectorTable)
    i.PendSV_Handler                         0x08002228   Section        0  stm32f10x_it.o(i.PendSV_Handler)
    i.RCC_APB2PeriphClockCmd                 0x0800222c   Section        0  stm32f10x_rcc.o(i.RCC_APB2PeriphClockCmd)
    i.RCC_GetClocksFreq                      0x0800224c   Section        0  stm32f10x_rcc.o(i.RCC_GetClocksFreq)
    i.SPI_SndRecv                            0x08002320   Section        0  lcd.o(i.SPI_SndRecv)
    i.SPI_X                                  0x08002388   Section        0  lcd.o(i.SPI_X)
    i.SPI_Y                                  0x08002410   Section        0  lcd.o(i.SPI_Y)
    i.SVC_Handler                            0x08002498   Section        0  stm32f10x_it.o(i.SVC_Handler)
    i.Serial_GetRxData                       0x0800249c   Section        0  serial.o(i.Serial_GetRxData)
    i.Serial_GetRxFlag                       0x080024b0   Section        0  serial.o(i.Serial_GetRxFlag)
    i.Serial_Init                            0x080024cc   Section        0  serial.o(i.Serial_Init)
    i.Serial_Send                            0x08002584   Section        0  serial.o(i.Serial_Send)
    i.SetSysClock                            0x080025e0   Section        0  system_stm32f10x.o(i.SetSysClock)
    SetSysClock                              0x080025e1   Thumb Code     8  system_stm32f10x.o(i.SetSysClock)
    i.SetSysClockTo72                        0x080025e8   Section        0  system_stm32f10x.o(i.SetSysClockTo72)
    SetSysClockTo72                          0x080025e9   Thumb Code   220  system_stm32f10x.o(i.SetSysClockTo72)
    i.ShowStatus                             0x080026cc   Section        0  lcd.o(i.ShowStatus)
    i.SysTick_Handler                        0x080027cc   Section        0  systick.o(i.SysTick_Handler)
    i.SystemInit                             0x080027d4   Section        0  system_stm32f10x.o(i.SystemInit)
    i.TIM3_IRQHandler                        0x08002824   Section        0  stm32f10x_it.o(i.TIM3_IRQHandler)
    i.TIM_ClearITPendingBit                  0x080028e8   Section        0  stm32f10x_tim.o(i.TIM_ClearITPendingBit)
    i.TIM_GetCapture1                        0x080028ee   Section        0  stm32f10x_tim.o(i.TIM_GetCapture1)
    i.TOUCH_INT_EXIT_Init                    0x080028f4   Section        0  lcd.o(i.TOUCH_INT_EXIT_Init)
    TOUCH_INT_EXIT_Init                      0x080028f5   Thumb Code    54  lcd.o(i.TOUCH_INT_EXIT_Init)
    i.TOUCH_INT_config                       0x0800292c   Section        0  lcd.o(i.TOUCH_INT_config)
    TOUCH_INT_config                         0x0800292d   Thumb Code    32  lcd.o(i.TOUCH_INT_config)
    i.TOUCH_InterruptConfig                  0x08002950   Section        0  lcd.o(i.TOUCH_InterruptConfig)
    TOUCH_InterruptConfig                    0x08002951   Thumb Code    50  lcd.o(i.TOUCH_InterruptConfig)
    i.TOUCH_SCREEN_INIT                      0x08002984   Section        0  lcd.o(i.TOUCH_SCREEN_INIT)
    i.TouchScreen                            0x080029e4   Section        0  lcd.o(i.TouchScreen)
    i.Touch_Check                            0x08002be8   Section        0  lcd.o(i.Touch_Check)
    i.Touch_Init                             0x08002edc   Section        0  lcd.o(i.Touch_Init)
    i.USART1_IRQHandler                      0x08002ef0   Section        0  serial.o(i.USART1_IRQHandler)
    i.USART_ClearITPendingBit                0x08002f30   Section        0  stm32f10x_usart.o(i.USART_ClearITPendingBit)
    i.USART_Cmd                              0x08002f44   Section        0  stm32f10x_usart.o(i.USART_Cmd)
    i.USART_GetFlagStatus                    0x08002f5c   Section        0  stm32f10x_usart.o(i.USART_GetFlagStatus)
    i.USART_GetITStatus                      0x08002f6e   Section        0  stm32f10x_usart.o(i.USART_GetITStatus)
    i.USART_ITConfig                         0x08002fba   Section        0  stm32f10x_usart.o(i.USART_ITConfig)
    i.USART_Init                             0x08002ffc   Section        0  stm32f10x_usart.o(i.USART_Init)
    i.USART_ReceiveData                      0x08003098   Section        0  stm32f10x_usart.o(i.USART_ReceiveData)
    i.USART_SendData                         0x080030a2   Section        0  stm32f10x_usart.o(i.USART_SendData)
    i.UsageFault_Handler                     0x080030aa   Section        0  stm32f10x_it.o(i.UsageFault_Handler)
    i.VarInit                                0x080030b0   Section        0  lcd.o(i.VarInit)
    i.__0snprintf$6                          0x08003134   Section        0  printf6.o(i.__0snprintf$6)
    i.__ARM_fpclassify                       0x08003164   Section        0  fpclassify.o(i.__ARM_fpclassify)
    i.__kernel_poly                          0x0800318c   Section        0  poly.o(i.__kernel_poly)
    i.__mathlib_dbl_divzero                  0x08003238   Section        0  dunder.o(i.__mathlib_dbl_divzero)
    i.__mathlib_dbl_infnan2                  0x08003248   Section        0  dunder.o(i.__mathlib_dbl_infnan2)
    i.__mathlib_dbl_invalid                  0x0800324c   Section        0  dunder.o(i.__mathlib_dbl_invalid)
    i.__mathlib_dbl_overflow                 0x08003258   Section        0  dunder.o(i.__mathlib_dbl_overflow)
    i.__mathlib_dbl_underflow                0x08003268   Section        0  dunder.o(i.__mathlib_dbl_underflow)
    i.__scatterload_copy                     0x08003278   Section       14  handlers.o(i.__scatterload_copy)
    i.__scatterload_null                     0x08003286   Section        2  handlers.o(i.__scatterload_null)
    i.__scatterload_zeroinit                 0x08003288   Section       14  handlers.o(i.__scatterload_zeroinit)
    i.__set_errno                            0x08003298   Section        0  errno.o(i.__set_errno)
    i._printf_core                           0x080032a4   Section        0  printf6.o(i._printf_core)
    _printf_core                             0x080032a5   Thumb Code   748  printf6.o(i._printf_core)
    i._printf_post_padding                   0x08003594   Section        0  printf6.o(i._printf_post_padding)
    _printf_post_padding                     0x08003595   Thumb Code    36  printf6.o(i._printf_post_padding)
    i._printf_pre_padding                    0x080035b8   Section        0  printf6.o(i._printf_pre_padding)
    _printf_pre_padding                      0x080035b9   Thumb Code    46  printf6.o(i._printf_pre_padding)
    i._snputc                                0x080035e6   Section        0  printf6.o(i._snputc)
    _snputc                                  0x080035e7   Thumb Code    22  printf6.o(i._snputc)
    i.delay_ms                               0x080035fc   Section        0  lcd.o(i.delay_ms)
    i.delay_us                               0x08003612   Section        0  lcd.o(i.delay_us)
    i.free                                   0x08003628   Section        0  malloc.o(i.free)
    i.main                                   0x08003678   Section        0  main.o(i.main)
    i.malloc                                 0x08003698   Section        0  malloc.o(i.malloc)
    i.pow                                    0x08003704   Section        0  pow.o(i.pow)
    i.round                                  0x080040dc   Section        0  round.o(i.round)
    i.sqrt                                   0x08004170   Section        0  sqrt.o(i.sqrt)
    i.time_handle                            0x080041bc   Section        0  systick.o(i.time_handle)
    .constdata                               0x08004214   Section     6144  lcd.o(.constdata)
    .constdata                               0x08005a18   Section      136  pow.o(.constdata)
    bp                                       0x08005a18   Data          16  pow.o(.constdata)
    dp_h                                     0x08005a28   Data          16  pow.o(.constdata)
    dp_l                                     0x08005a38   Data          16  pow.o(.constdata)
    L                                        0x08005a48   Data          48  pow.o(.constdata)
    P                                        0x08005a78   Data          40  pow.o(.constdata)
    .constdata                               0x08005aa0   Section        8  qnan.o(.constdata)
    .data                                    0x20000000   Section        4  exti.o(.data)
    .data                                    0x20000004   Section       12  systick.o(.data)
    .data                                    0x20000010   Section       12  uart.o(.data)
    .data                                    0x2000001c   Section       96  lcd.o(.data)
    .data                                    0x2000007c   Section        3  serial.o(.data)
    .data                                    0x20000080   Section       24  stm32f10x_it.o(.data)
    .data                                    0x20000098   Section       20  stm32f10x_rcc.o(.data)
    APBAHBPrescTable                         0x20000098   Data          16  stm32f10x_rcc.o(.data)
    ADCPrescTable                            0x200000a8   Data           4  stm32f10x_rcc.o(.data)
    .data                                    0x200000ac   Section        4  mvars.o(.data)
    .data                                    0x200000b0   Section        4  mvars.o(.data)
    .data                                    0x200000b4   Section        4  errno.o(.data)
    _errno                                   0x200000b4   Data           4  errno.o(.data)
    .bss                                     0x200000b8   Section       71  lcd.o(.bss)
    HEAP                                     0x20000100   Section        0  startup_stm32f10x_hd.o(HEAP)
    STACK                                    0x20000100   Section      512  startup_stm32f10x_hd.o(STACK)

    Global Symbols

    Symbol Name                              Value     Ov Type        Size  Object(Section)

    BuildAttributes$$THM_ISAv4$P$D$K$B$S$PE$A:L22UL41UL21$X:L11$S22US41US21$IEEE1$IW$USESV6$~STKCKD$USESV7$~SHL$OTIME$ROPI$IEEEX$EBA8$MICROLIB$REQ8$PRES8$EABIv2 0x00000000   Number         0  anon$$obj.o ABSOLUTE
    __ARM_use_no_argv                        0x00000000   Number         0  main.o ABSOLUTE
    _printf_a                                0x00000000   Number         0  stubs.o ABSOLUTE
    _printf_c                                0x00000000   Number         0  stubs.o ABSOLUTE
    _printf_charcount                        0x00000000   Number         0  stubs.o ABSOLUTE
    _printf_d                                0x00000000   Number         0  stubs.o ABSOLUTE
    _printf_e                                0x00000000   Number         0  stubs.o ABSOLUTE
    _printf_f                                0x00000000   Number         0  stubs.o ABSOLUTE
    _printf_flags                            0x00000000   Number         0  stubs.o ABSOLUTE
    _printf_fp_dec                           0x00000000   Number         0  stubs.o ABSOLUTE
    _printf_fp_hex                           0x00000000   Number         0  stubs.o ABSOLUTE
    _printf_g                                0x00000000   Number         0  stubs.o ABSOLUTE
    _printf_i                                0x00000000   Number         0  stubs.o ABSOLUTE
    _printf_int_dec                          0x00000000   Number         0  stubs.o ABSOLUTE
    _printf_l                                0x00000000   Number         0  stubs.o ABSOLUTE
    _printf_lc                               0x00000000   Number         0  stubs.o ABSOLUTE
    _printf_ll                               0x00000000   Number         0  stubs.o ABSOLUTE
    _printf_lld                              0x00000000   Number         0  stubs.o ABSOLUTE
    _printf_lli                              0x00000000   Number         0  stubs.o ABSOLUTE
    _printf_llo                              0x00000000   Number         0  stubs.o ABSOLUTE
    _printf_llu                              0x00000000   Number         0  stubs.o ABSOLUTE
    _printf_llx                              0x00000000   Number         0  stubs.o ABSOLUTE
    _printf_longlong_dec                     0x00000000   Number         0  stubs.o ABSOLUTE
    _printf_longlong_hex                     0x00000000   Number         0  stubs.o ABSOLUTE
    _printf_longlong_oct                     0x00000000   Number         0  stubs.o ABSOLUTE
    _printf_ls                               0x00000000   Number         0  stubs.o ABSOLUTE
    _printf_mbtowc                           0x00000000   Number         0  stubs.o ABSOLUTE
    _printf_n                                0x00000000   Number         0  stubs.o ABSOLUTE
    _printf_o                                0x00000000   Number         0  stubs.o ABSOLUTE
    _printf_p                                0x00000000   Number         0  stubs.o ABSOLUTE
    _printf_percent                          0x00000000   Number         0  stubs.o ABSOLUTE
    _printf_pre_padding                      0x00000000   Number         0  stubs.o ABSOLUTE
    _printf_return_value                     0x00000000   Number         0  stubs.o ABSOLUTE
    _printf_s                                0x00000000   Number         0  stubs.o ABSOLUTE
    _printf_sizespec                         0x00000000   Number         0  stubs.o ABSOLUTE
    _printf_str                              0x00000000   Number         0  stubs.o ABSOLUTE
    _printf_truncate_signed                  0x00000000   Number         0  stubs.o ABSOLUTE
    _printf_truncate_unsigned                0x00000000   Number         0  stubs.o ABSOLUTE
    _printf_u                                0x00000000   Number         0  stubs.o ABSOLUTE
    _printf_wc                               0x00000000   Number         0  stubs.o ABSOLUTE
    _printf_wctomb                           0x00000000   Number         0  stubs.o ABSOLUTE
    _printf_widthprec                        0x00000000   Number         0  stubs.o ABSOLUTE
    _printf_x                                0x00000000   Number         0  stubs.o ABSOLUTE
    __cpp_initialize__aeabi_                  - Undefined Weak Reference
    __cxa_finalize                            - Undefined Weak Reference
    __decompress                              - Undefined Weak Reference
    _clock_init                               - Undefined Weak Reference
    _microlib_exit                            - Undefined Weak Reference
    __Vectors_Size                           0x00000130   Number         0  startup_stm32f10x_hd.o ABSOLUTE
    __Vectors                                0x08000000   Data           4  startup_stm32f10x_hd.o(RESET)
    __Vectors_End                            0x08000130   Data           0  startup_stm32f10x_hd.o(RESET)
    __main                                   0x08000131   Thumb Code     0  entry.o(.ARM.Collect$$$$00000000)
    _main_stk                                0x08000131   Thumb Code     0  entry2.o(.ARM.Collect$$$$00000001)
    _main_scatterload                        0x08000135   Thumb Code     0  entry5.o(.ARM.Collect$$$$00000004)
    __main_after_scatterload                 0x08000139   Thumb Code     0  entry5.o(.ARM.Collect$$$$00000004)
    _main_clock                              0x08000139   Thumb Code     0  entry7b.o(.ARM.Collect$$$$00000008)
    _main_cpp_init                           0x08000139   Thumb Code     0  entry8b.o(.ARM.Collect$$$$0000000A)
    _main_init                               0x08000139   Thumb Code     0  entry9a.o(.ARM.Collect$$$$0000000B)
    __rt_final_cpp                           0x08000141   Thumb Code     0  entry10a.o(.ARM.Collect$$$$0000000D)
    __rt_final_exit                          0x08000141   Thumb Code     0  entry11a.o(.ARM.Collect$$$$0000000F)
    SystemInit_ExtMemCtl                     0x08000145   Thumb Code     2  startup_stm32f10x_hd.o(.text)
    Reset_Handler                            0x08000147   Thumb Code    14  startup_stm32f10x_hd.o(.text)
    ADC1_2_IRQHandler                        0x08000167   Thumb Code     0  startup_stm32f10x_hd.o(.text)
    ADC3_IRQHandler                          0x08000167   Thumb Code     0  startup_stm32f10x_hd.o(.text)
    CAN1_RX1_IRQHandler                      0x08000167   Thumb Code     0  startup_stm32f10x_hd.o(.text)
    CAN1_SCE_IRQHandler                      0x08000167   Thumb Code     0  startup_stm32f10x_hd.o(.text)
    DMA1_Channel1_IRQHandler                 0x08000167   Thumb Code     0  startup_stm32f10x_hd.o(.text)
    DMA1_Channel2_IRQHandler                 0x08000167   Thumb Code     0  startup_stm32f10x_hd.o(.text)
    DMA1_Channel3_IRQHandler                 0x08000167   Thumb Code     0  startup_stm32f10x_hd.o(.text)
    DMA1_Channel4_IRQHandler                 0x08000167   Thumb Code     0  startup_stm32f10x_hd.o(.text)
    DMA1_Channel5_IRQHandler                 0x08000167   Thumb Code     0  startup_stm32f10x_hd.o(.text)
    DMA1_Channel6_IRQHandler                 0x08000167   Thumb Code     0  startup_stm32f10x_hd.o(.text)
    DMA1_Channel7_IRQHandler                 0x08000167   Thumb Code     0  startup_stm32f10x_hd.o(.text)
    DMA2_Channel1_IRQHandler                 0x08000167   Thumb Code     0  startup_stm32f10x_hd.o(.text)
    DMA2_Channel2_IRQHandler                 0x08000167   Thumb Code     0  startup_stm32f10x_hd.o(.text)
    DMA2_Channel3_IRQHandler                 0x08000167   Thumb Code     0  startup_stm32f10x_hd.o(.text)
    DMA2_Channel4_5_IRQHandler               0x08000167   Thumb Code     0  startup_stm32f10x_hd.o(.text)
    EXTI0_IRQHandler                         0x08000167   Thumb Code     0  startup_stm32f10x_hd.o(.text)
    EXTI15_10_IRQHandler                     0x08000167   Thumb Code     0  startup_stm32f10x_hd.o(.text)
    EXTI1_IRQHandler                         0x08000167   Thumb Code     0  startup_stm32f10x_hd.o(.text)
    EXTI3_IRQHandler                         0x08000167   Thumb Code     0  startup_stm32f10x_hd.o(.text)
    EXTI4_IRQHandler                         0x08000167   Thumb Code     0  startup_stm32f10x_hd.o(.text)
    FLASH_IRQHandler                         0x08000167   Thumb Code     0  startup_stm32f10x_hd.o(.text)
    FSMC_IRQHandler                          0x08000167   Thumb Code     0  startup_stm32f10x_hd.o(.text)
    I2C1_ER_IRQHandler                       0x08000167   Thumb Code     0  startup_stm32f10x_hd.o(.text)
    I2C1_EV_IRQHandler                       0x08000167   Thumb Code     0  startup_stm32f10x_hd.o(.text)
    I2C2_ER_IRQHandler                       0x08000167   Thumb Code     0  startup_stm32f10x_hd.o(.text)
    I2C2_EV_IRQHandler                       0x08000167   Thumb Code     0  startup_stm32f10x_hd.o(.text)
    PVD_IRQHandler                           0x08000167   Thumb Code     0  startup_stm32f10x_hd.o(.text)
    RCC_IRQHandler                           0x08000167   Thumb Code     0  startup_stm32f10x_hd.o(.text)
    RTCAlarm_IRQHandler                      0x08000167   Thumb Code     0  startup_stm32f10x_hd.o(.text)
    RTC_IRQHandler                           0x08000167   Thumb Code     0  startup_stm32f10x_hd.o(.text)
    SDIO_IRQHandler                          0x08000167   Thumb Code     0  startup_stm32f10x_hd.o(.text)
    SPI1_IRQHandler                          0x08000167   Thumb Code     0  startup_stm32f10x_hd.o(.text)
    SPI2_IRQHandler                          0x08000167   Thumb Code     0  startup_stm32f10x_hd.o(.text)
    SPI3_IRQHandler                          0x08000167   Thumb Code     0  startup_stm32f10x_hd.o(.text)
    TAMPER_IRQHandler                        0x08000167   Thumb Code     0  startup_stm32f10x_hd.o(.text)
    TIM1_BRK_IRQHandler                      0x08000167   Thumb Code     0  startup_stm32f10x_hd.o(.text)
    TIM1_CC_IRQHandler                       0x08000167   Thumb Code     0  startup_stm32f10x_hd.o(.text)
    TIM1_TRG_COM_IRQHandler                  0x08000167   Thumb Code     0  startup_stm32f10x_hd.o(.text)
    TIM1_UP_IRQHandler                       0x08000167   Thumb Code     0  startup_stm32f10x_hd.o(.text)
    TIM2_IRQHandler                          0x08000167   Thumb Code     0  startup_stm32f10x_hd.o(.text)
    TIM4_IRQHandler                          0x08000167   Thumb Code     0  startup_stm32f10x_hd.o(.text)
    TIM5_IRQHandler                          0x08000167   Thumb Code     0  startup_stm32f10x_hd.o(.text)
    TIM6_IRQHandler                          0x08000167   Thumb Code     0  startup_stm32f10x_hd.o(.text)
    TIM7_IRQHandler                          0x08000167   Thumb Code     0  startup_stm32f10x_hd.o(.text)
    TIM8_BRK_IRQHandler                      0x08000167   Thumb Code     0  startup_stm32f10x_hd.o(.text)
    TIM8_CC_IRQHandler                       0x08000167   Thumb Code     0  startup_stm32f10x_hd.o(.text)
    TIM8_TRG_COM_IRQHandler                  0x08000167   Thumb Code     0  startup_stm32f10x_hd.o(.text)
    TIM8_UP_IRQHandler                       0x08000167   Thumb Code     0  startup_stm32f10x_hd.o(.text)
    UART4_IRQHandler                         0x08000167   Thumb Code     0  startup_stm32f10x_hd.o(.text)
    UART5_IRQHandler                         0x08000167   Thumb Code     0  startup_stm32f10x_hd.o(.text)
    USART2_IRQHandler                        0x08000167   Thumb Code     0  startup_stm32f10x_hd.o(.text)
    USART3_IRQHandler                        0x08000167   Thumb Code     0  startup_stm32f10x_hd.o(.text)
    USBWakeUp_IRQHandler                     0x08000167   Thumb Code     0  startup_stm32f10x_hd.o(.text)
    USB_HP_CAN1_TX_IRQHandler                0x08000167   Thumb Code     0  startup_stm32f10x_hd.o(.text)
    USB_LP_CAN1_RX0_IRQHandler               0x08000167   Thumb Code     0  startup_stm32f10x_hd.o(.text)
    WWDG_IRQHandler                          0x08000167   Thumb Code     0  startup_stm32f10x_hd.o(.text)
    __aeabi_ldivmod                          0x08000175   Thumb Code    98  ldiv.o(.text)
    __aeabi_dadd                             0x080001d7   Thumb Code   322  dadd.o(.text)
    __aeabi_dsub                             0x08000319   Thumb Code     6  dadd.o(.text)
    __aeabi_drsub                            0x0800031f   Thumb Code     6  dadd.o(.text)
    __aeabi_dmul                             0x08000325   Thumb Code   228  dmul.o(.text)
    __aeabi_ddiv                             0x08000409   Thumb Code   222  ddiv.o(.text)
    __aeabi_i2d                              0x080004e7   Thumb Code    34  dflti.o(.text)
    __aeabi_ui2d                             0x08000509   Thumb Code    26  dfltui.o(.text)
    __aeabi_d2iz                             0x08000523   Thumb Code    62  dfixi.o(.text)
    __aeabi_cdcmpeq                          0x08000561   Thumb Code     0  cdcmple.o(.text)
    __aeabi_cdcmple                          0x08000561   Thumb Code    48  cdcmple.o(.text)
    __aeabi_uidiv                            0x08000591   Thumb Code     0  uidiv.o(.text)
    __aeabi_uidivmod                         0x08000591   Thumb Code    44  uidiv.o(.text)
    __aeabi_uldivmod                         0x080005bd   Thumb Code    98  uldiv.o(.text)
    __aeabi_llsl                             0x0800061f   Thumb Code    30  llshl.o(.text)
    _ll_shift_l                              0x0800061f   Thumb Code     0  llshl.o(.text)
    __aeabi_llsr                             0x0800063d   Thumb Code    32  llushr.o(.text)
    _ll_ushift_r                             0x0800063d   Thumb Code     0  llushr.o(.text)
    __aeabi_lasr                             0x0800065d   Thumb Code    36  llsshr.o(.text)
    _ll_sshift_r                             0x0800065d   Thumb Code     0  llsshr.o(.text)
    __I$use$fp                               0x08000681   Thumb Code     0  iusefp.o(.text)
    _double_round                            0x08000681   Thumb Code    30  depilogue.o(.text)
    _double_epilogue                         0x0800069f   Thumb Code   156  depilogue.o(.text)
    __ARM_scalbn                             0x0800073b   Thumb Code    46  dscalb.o(.text)
    scalbn                                   0x0800073b   Thumb Code     0  dscalb.o(.text)
    _drnd                                    0x08000769   Thumb Code   132  drnd.o(.text)
    __aeabi_cdrcmple                         0x080007f1   Thumb Code    48  cdrcmple.o(.text)
    __scatterload                            0x08000821   Thumb Code    28  init.o(.text)
    __scatterload_rt2                        0x08000821   Thumb Code     0  init.o(.text)
    _dsqrt                                   0x08000845   Thumb Code   162  dsqrt.o(.text)
    BoardInit                                0x080008e7   Thumb Code   140  lcd.o(i.BoardInit)
    BusFault_Handler                         0x08000973   Thumb Code     4  stm32f10x_it.o(i.BusFault_Handler)
    ChessCapture                             0x08000979   Thumb Code   554  lcd.o(i.ChessCapture)
    ChessClear                               0x08000bb1   Thumb Code   226  lcd.o(i.ChessClear)
    ChessInit                                0x08000c95   Thumb Code    48  lcd.o(i.ChessInit)
    ChessMove                                0x08000cc9   Thumb Code   140  lcd.o(i.ChessMove)
    ChessPut                                 0x08000d5d   Thumb Code    74  lcd.o(i.ChessPut)
    ContSet                                  0x08000da9   Thumb Code    28  lcd.o(i.ContSet)
    DATAIN                                   0x08000dc9   Thumb Code    58  lcd.o(i.DATAIN)
    DATAOUT                                  0x08000e0d   Thumb Code    76  lcd.o(i.DATAOUT)
    DebugMon_Handler                         0x08000e61   Thumb Code     2  stm32f10x_it.o(i.DebugMon_Handler)
    EXTI2_IRQHandler                         0x08000e65   Thumb Code    34  lcd.o(i.EXTI2_IRQHandler)
    EXTI9_5_IRQHandler                       0x08000e8d   Thumb Code    28  exti.o(i.EXTI9_5_IRQHandler)
    EXTI_ClearITPendingBit                   0x08000ead   Thumb Code     6  stm32f10x_exti.o(i.EXTI_ClearITPendingBit)
    EXTI_GetITStatus                         0x08000eb9   Thumb Code    34  stm32f10x_exti.o(i.EXTI_GetITStatus)
    EXTI_Init                                0x08000ee1   Thumb Code   174  stm32f10x_exti.o(i.EXTI_Init)
    FillDown                                 0x08000f99   Thumb Code    50  lcd.o(i.FillDown)
    FillLeft                                 0x08000fcb   Thumb Code    50  lcd.o(i.FillLeft)
    FillRight                                0x08000ffd   Thumb Code    50  lcd.o(i.FillRight)
    FillUp                                   0x0800102f   Thumb Code    50  lcd.o(i.FillUp)
    GPIO_EXTILineConfig                      0x08001061   Thumb Code    60  stm32f10x_gpio.o(i.GPIO_EXTILineConfig)
    GPIO_Init                                0x080010a1   Thumb Code   278  stm32f10x_gpio.o(i.GPIO_Init)
    GPIO_PinRemapConfig                      0x080011b9   Thumb Code   106  stm32f10x_gpio.o(i.GPIO_PinRemapConfig)
    Game                                     0x08001229   Thumb Code   212  lcd.o(i.Game)
    GameCont                                 0x0800131d   Thumb Code    60  lcd.o(i.GameCont)
    GameInit                                 0x0800137d   Thumb Code    28  lcd.o(i.GameInit)
    GameMode                                 0x08001399   Thumb Code   172  lcd.o(i.GameMode)
    GameOver                                 0x0800147d   Thumb Code    92  lcd.o(i.GameOver)
    HardFault_Handler                        0x080014e5   Thumb Code     4  stm32f10x_it.o(i.HardFault_Handler)
    IsMoveable                               0x080014e9   Thumb Code   126  lcd.o(i.IsMoveable)
    IsPlayerMoveable                         0x0800156d   Thumb Code    96  lcd.o(i.IsPlayerMoveable)
    LCD_Clear                                0x080015d1   Thumb Code    72  lcd.o(i.LCD_Clear)
    LCD_Config_DIN                           0x08001621   Thumb Code    48  lcd.o(i.LCD_Config_DIN)
    LCD_Config_DOUT                          0x08001665   Thumb Code    48  lcd.o(i.LCD_Config_DOUT)
    LCD_Configuration                        0x0800169d   Thumb Code    98  lcd.o(i.LCD_Configuration)
    LCD_Display_Dir                          0x08001715   Thumb Code   100  lcd.o(i.LCD_Display_Dir)
    LCD_DrawLine                             0x0800177d   Thumb Code   176  lcd.o(i.LCD_DrawLine)
    LCD_DrawPoint                            0x0800182d   Thumb Code    56  lcd.o(i.LCD_DrawPoint)
    LCD_DrawRectangle                        0x0800186d   Thumb Code    64  lcd.o(i.LCD_DrawRectangle)
    LCD_Draw_Circle                          0x080018ad   Thumb Code   340  lcd.o(i.LCD_Draw_Circle)
    LCD_Fast_DrawPoint                       0x08001a01   Thumb Code   238  lcd.o(i.LCD_Fast_DrawPoint)
    LCD_Init                                 0x08001af9   Thumb Code   674  lcd.o(i.LCD_Init)
    LCD_RD_DATA                              0x08001da5   Thumb Code    52  lcd.o(i.LCD_RD_DATA)
    LCD_ReadReg                              0x08001ddd   Thumb Code    16  lcd.o(i.LCD_ReadReg)
    LCD_Scan_Dir                             0x08001ded   Thumb Code    96  lcd.o(i.LCD_Scan_Dir)
    LCD_SetCursor                            0x08001e51   Thumb Code   168  lcd.o(i.LCD_SetCursor)
    LCD_ShowChar                             0x08001f01   Thumb Code   272  lcd.o(i.LCD_ShowChar)
    LCD_ShowString                           0x08002029   Thumb Code   102  lcd.o(i.LCD_ShowString)
    LCD_WR_DATAX                             0x08002091   Thumb Code    40  lcd.o(i.LCD_WR_DATAX)
    LCD_WR_REG                               0x080020bd   Thumb Code    36  lcd.o(i.LCD_WR_REG)
    LCD_WriteRAM                             0x080020e5   Thumb Code    40  lcd.o(i.LCD_WriteRAM)
    LCD_WriteRAM_Prepare                     0x08002111   Thumb Code    12  lcd.o(i.LCD_WriteRAM_Prepare)
    LCD_WriteReg                             0x08002121   Thumb Code    48  lcd.o(i.LCD_WriteReg)
    MemManage_Handler                        0x08002155   Thumb Code     4  stm32f10x_it.o(i.MemManage_Handler)
    ModeSet                                  0x08002159   Thumb Code    48  lcd.o(i.ModeSet)
    NMI_Handler                              0x0800218d   Thumb Code     2  stm32f10x_it.o(i.NMI_Handler)
    NVIC_Init                                0x08002191   Thumb Code   100  misc.o(i.NVIC_Init)
    NVIC_PriorityGroupConfig                 0x08002201   Thumb Code    10  misc.o(i.NVIC_PriorityGroupConfig)
    NVIC_SetVectorTable                      0x08002215   Thumb Code    12  misc.o(i.NVIC_SetVectorTable)
    PendSV_Handler                           0x08002229   Thumb Code     2  stm32f10x_it.o(i.PendSV_Handler)
    RCC_APB2PeriphClockCmd                   0x0800222d   Thumb Code    26  stm32f10x_rcc.o(i.RCC_APB2PeriphClockCmd)
    RCC_GetClocksFreq                        0x0800224d   Thumb Code   192  stm32f10x_rcc.o(i.RCC_GetClocksFreq)
    SPI_SndRecv                              0x08002321   Thumb Code    96  lcd.o(i.SPI_SndRecv)
    SPI_X                                    0x08002389   Thumb Code   124  lcd.o(i.SPI_X)
    SPI_Y                                    0x08002411   Thumb Code   124  lcd.o(i.SPI_Y)
    SVC_Handler                              0x08002499   Thumb Code     2  stm32f10x_it.o(i.SVC_Handler)
    Serial_GetRxData                         0x0800249d   Thumb Code    14  serial.o(i.Serial_GetRxData)
    Serial_GetRxFlag                         0x080024b1   Thumb Code    22  serial.o(i.Serial_GetRxFlag)
    Serial_Init                              0x080024cd   Thumb Code   174  serial.o(i.Serial_Init)
    Serial_Send                              0x08002585   Thumb Code    82  serial.o(i.Serial_Send)
    ShowStatus                               0x080026cd   Thumb Code   146  lcd.o(i.ShowStatus)
    SysTick_Handler                          0x080027cd   Thumb Code     8  systick.o(i.SysTick_Handler)
    SystemInit                               0x080027d5   Thumb Code    68  system_stm32f10x.o(i.SystemInit)
    TIM3_IRQHandler                          0x08002825   Thumb Code   164  stm32f10x_it.o(i.TIM3_IRQHandler)
    TIM_ClearITPendingBit                    0x080028e9   Thumb Code     6  stm32f10x_tim.o(i.TIM_ClearITPendingBit)
    TIM_GetCapture1                          0x080028ef   Thumb Code     6  stm32f10x_tim.o(i.TIM_GetCapture1)
    TOUCH_SCREEN_INIT                        0x08002985   Thumb Code    82  lcd.o(i.TOUCH_SCREEN_INIT)
    TouchScreen                              0x080029e5   Thumb Code   444  lcd.o(i.TouchScreen)
    Touch_Check                              0x08002be9   Thumb Code   564  lcd.o(i.Touch_Check)
    Touch_Init                               0x08002edd   Thumb Code    20  lcd.o(i.Touch_Init)
    USART1_IRQHandler                        0x08002ef1   Thumb Code    52  serial.o(i.USART1_IRQHandler)
    USART_ClearITPendingBit                  0x08002f31   Thumb Code    20  stm32f10x_usart.o(i.USART_ClearITPendingBit)
    USART_Cmd                                0x08002f45   Thumb Code    24  stm32f10x_usart.o(i.USART_Cmd)
    USART_GetFlagStatus                      0x08002f5d   Thumb Code    18  stm32f10x_usart.o(i.USART_GetFlagStatus)
    USART_GetITStatus                        0x08002f6f   Thumb Code    76  stm32f10x_usart.o(i.USART_GetITStatus)
    USART_ITConfig                           0x08002fbb   Thumb Code    64  stm32f10x_usart.o(i.USART_ITConfig)
    USART_Init                               0x08002ffd   Thumb Code   150  stm32f10x_usart.o(i.USART_Init)
    USART_ReceiveData                        0x08003099   Thumb Code    10  stm32f10x_usart.o(i.USART_ReceiveData)
    USART_SendData                           0x080030a3   Thumb Code     8  stm32f10x_usart.o(i.USART_SendData)
    UsageFault_Handler                       0x080030ab   Thumb Code     4  stm32f10x_it.o(i.UsageFault_Handler)
    VarInit                                  0x080030b1   Thumb Code    86  lcd.o(i.VarInit)
    __0snprintf$6                            0x08003135   Thumb Code    44  printf6.o(i.__0snprintf$6)
    __1snprintf$6                            0x08003135   Thumb Code     0  printf6.o(i.__0snprintf$6)
    __2snprintf                              0x08003135   Thumb Code     0  printf6.o(i.__0snprintf$6)
    __ARM_fpclassify                         0x08003165   Thumb Code    40  fpclassify.o(i.__ARM_fpclassify)
    __kernel_poly                            0x0800318d   Thumb Code   170  poly.o(i.__kernel_poly)
    __mathlib_dbl_divzero                    0x08003239   Thumb Code    12  dunder.o(i.__mathlib_dbl_divzero)
    __mathlib_dbl_infnan2                    0x08003249   Thumb Code     4  dunder.o(i.__mathlib_dbl_infnan2)
    __mathlib_dbl_invalid                    0x0800324d   Thumb Code    12  dunder.o(i.__mathlib_dbl_invalid)
    __mathlib_dbl_overflow                   0x08003259   Thumb Code    14  dunder.o(i.__mathlib_dbl_overflow)
    __mathlib_dbl_underflow                  0x08003269   Thumb Code    10  dunder.o(i.__mathlib_dbl_underflow)
    __scatterload_copy                       0x08003279   Thumb Code    14  handlers.o(i.__scatterload_copy)
    __scatterload_null                       0x08003287   Thumb Code     2  handlers.o(i.__scatterload_null)
    __scatterload_zeroinit                   0x08003289   Thumb Code    14  handlers.o(i.__scatterload_zeroinit)
    __set_errno                              0x08003299   Thumb Code     6  errno.o(i.__set_errno)
    delay_ms                                 0x080035fd   Thumb Code    22  lcd.o(i.delay_ms)
    delay_us                                 0x08003613   Thumb Code    20  lcd.o(i.delay_us)
    free                                     0x08003629   Thumb Code    76  malloc.o(i.free)
    main                                     0x08003679   Thumb Code    32  main.o(i.main)
    malloc                                   0x08003699   Thumb Code    92  malloc.o(i.malloc)
    pow                                      0x08003705   Thumb Code  2512  pow.o(i.pow)
    round                                    0x080040dd   Thumb Code   136  round.o(i.round)
    sqrt                                     0x08004171   Thumb Code    76  sqrt.o(i.sqrt)
    time_handle                              0x080041bd   Thumb Code    72  systick.o(i.time_handle)
    asc2_1206                                0x08004214   Data        1140  lcd.o(.constdata)
    asc2_1608                                0x08004688   Data        1520  lcd.o(.constdata)
    asc2_2412                                0x08004c78   Data        3420  lcd.o(.constdata)
    CN_DataBuf                               0x080059d4   Data          64  lcd.o(.constdata)
    __mathlib_zero                           0x08005aa0   Data           8  qnan.o(.constdata)
    Region$$Table$$Base                      0x08005aa8   Number         0  anon$$obj.o(Region$$Table)
    Region$$Table$$Limit                     0x08005ac8   Number         0  anon$$obj.o(Region$$Table)
    temps                                    0x20000000   Data           4  exti.o(.data)
    TimeSecond                               0x20000004   Data           4  systick.o(.data)
    Time1msConunt                            0x20000008   Data           4  systick.o(.data)
    time1ms                                  0x2000000c   Data           4  systick.o(.data)
    RS232InData                              0x20000010   Data           1  uart.o(.data)
    RXPos                                    0x20000012   Data           2  uart.o(.data)
    FrameFlag                                0x20000014   Data           2  uart.o(.data)
    RecvTimeOver                             0x20000016   Data           2  uart.o(.data)
    SendPos                                  0x20000018   Data           2  uart.o(.data)
    SendBufLen                               0x2000001a   Data           2  uart.o(.data)
    POINT_COLOR                              0x2000001c   Data           2  lcd.o(.data)
    BACK_COLOR                               0x2000001e   Data           2  lcd.o(.data)
    x_addata                                 0x20000020   Data           8  lcd.o(.data)
    z_addata                                 0x20000028   Data           8  lcd.o(.data)
    y_addata                                 0x20000030   Data           8  lcd.o(.data)
    Temp                                     0x20000038   Data           4  lcd.o(.data)
    xScreenAD                                0x2000003c   Data           4  lcd.o(.data)
    yScreenAD                                0x20000040   Data           4  lcd.o(.data)
    xScreen                                  0x20000044   Data           4  lcd.o(.data)
    yScreen                                  0x20000048   Data           4  lcd.o(.data)
    PointX_ADmin                             0x2000004c   Data           2  lcd.o(.data)
    PointY_ADmin                             0x2000004e   Data           2  lcd.o(.data)
    PointX_ADmax                             0x20000050   Data           2  lcd.o(.data)
    PointY_ADmax                             0x20000052   Data           2  lcd.o(.data)
    gameStatus                               0x20000054   Data           1  lcd.o(.data)
    currentPlayer                            0x20000055   Data           1  lcd.o(.data)
    PressFlag                                0x20000058   Data           4  lcd.o(.data)
    ContFlag                                 0x2000005c   Data           4  lcd.o(.data)
    ModeFlag                                 0x20000060   Data           4  lcd.o(.data)
    gridX                                    0x20000064   Data           4  lcd.o(.data)
    gridY                                    0x20000068   Data           4  lcd.o(.data)
    lastX                                    0x2000006c   Data           4  lcd.o(.data)
    lastY                                    0x20000070   Data           4  lcd.o(.data)
    blackCount                               0x20000074   Data           4  lcd.o(.data)
    whiteCount                               0x20000078   Data           4  lcd.o(.data)
    Serial_RxData                            0x2000007c   Data           2  serial.o(.data)
    Serial_RxFlag                            0x2000007e   Data           1  serial.o(.data)
    MSB                                      0x20000080   Data           4  stm32f10x_it.o(.data)
    LSB                                      0x20000084   Data           4  stm32f10x_it.o(.data)
    MSB1                                     0x20000088   Data           4  stm32f10x_it.o(.data)
    MSB2                                     0x2000008c   Data           4  stm32f10x_it.o(.data)
    ExtSignalFreq                            0x20000090   Data           4  stm32f10x_it.o(.data)
    i                                        0x20000094   Data           4  stm32f10x_it.o(.data)
    __microlib_freelist                      0x200000ac   Data           4  mvars.o(.data)
    __microlib_freelist_initialised          0x200000b0   Data           4  mvars.o(.data)
    lcddev                                   0x200000b8   Data          14  lcd.o(.bss)
    board                                    0x200000c6   Data          25  lcd.o(.bss)
    showstr                                  0x200000df   Data          32  lcd.o(.bss)
    __heap_base                              0x20000100   Data           0  startup_stm32f10x_hd.o(HEAP)
    __heap_limit                             0x20000100   Data           0  startup_stm32f10x_hd.o(HEAP)
    __initial_sp                             0x20000300   Data           0  startup_stm32f10x_hd.o(STACK)



==============================================================================

Memory Map of the image

  Image Entry point : 0x08000131

  Load Region LR_IROM1 (Base: 0x08000000, Size: 0x00005b80, Max: 0x00040000, ABSOLUTE)

    Execution Region ER_IROM1 (Exec base: 0x08000000, Load base: 0x08000000, Size: 0x00005ac8, Max: 0x00040000, ABSOLUTE)

    Exec Addr    Load Addr    Size         Type   Attr      Idx    E Section Name        Object

    0x08000000   0x08000000   0x00000130   Data   RO         3696    RESET               startup_stm32f10x_hd.o
    0x08000130   0x08000130   0x00000000   Code   RO         3742  * .ARM.Collect$$$$00000000  mc_w.l(entry.o)
    0x08000130   0x08000130   0x00000004   Code   RO         4079    .ARM.Collect$$$$00000001  mc_w.l(entry2.o)
    0x08000134   0x08000134   0x00000004   Code   RO         4082    .ARM.Collect$$$$00000004  mc_w.l(entry5.o)
    0x08000138   0x08000138   0x00000000   Code   RO         4084    .ARM.Collect$$$$00000008  mc_w.l(entry7b.o)
    0x08000138   0x08000138   0x00000000   Code   RO         4086    .ARM.Collect$$$$0000000A  mc_w.l(entry8b.o)
    0x08000138   0x08000138   0x00000008   Code   RO         4087    .ARM.Collect$$$$0000000B  mc_w.l(entry9a.o)
    0x08000140   0x08000140   0x00000000   Code   RO         4089    .ARM.Collect$$$$0000000D  mc_w.l(entry10a.o)
    0x08000140   0x08000140   0x00000000   Code   RO         4091    .ARM.Collect$$$$0000000F  mc_w.l(entry11a.o)
    0x08000140   0x08000140   0x00000004   Code   RO         4080    .ARM.Collect$$$$00002712  mc_w.l(entry2.o)
    0x08000144   0x08000144   0x00000030   Code   RO         3697    .text               startup_stm32f10x_hd.o
    0x08000174   0x08000174   0x00000062   Code   RO         3745    .text               mc_w.l(ldiv.o)
    0x080001d6   0x080001d6   0x0000014e   Code   RO         4036    .text               mf_w.l(dadd.o)
    0x08000324   0x08000324   0x000000e4   Code   RO         4038    .text               mf_w.l(dmul.o)
    0x08000408   0x08000408   0x000000de   Code   RO         4040    .text               mf_w.l(ddiv.o)
    0x080004e6   0x080004e6   0x00000022   Code   RO         4042    .text               mf_w.l(dflti.o)
    0x08000508   0x08000508   0x0000001a   Code   RO         4044    .text               mf_w.l(dfltui.o)
    0x08000522   0x08000522   0x0000003e   Code   RO         4046    .text               mf_w.l(dfixi.o)
    0x08000560   0x08000560   0x00000030   Code   RO         4050    .text               mf_w.l(cdcmple.o)
    0x08000590   0x08000590   0x0000002c   Code   RO         4096    .text               mc_w.l(uidiv.o)
    0x080005bc   0x080005bc   0x00000062   Code   RO         4098    .text               mc_w.l(uldiv.o)
    0x0800061e   0x0800061e   0x0000001e   Code   RO         4100    .text               mc_w.l(llshl.o)
    0x0800063c   0x0800063c   0x00000020   Code   RO         4102    .text               mc_w.l(llushr.o)
    0x0800065c   0x0800065c   0x00000024   Code   RO         4104    .text               mc_w.l(llsshr.o)
    0x08000680   0x08000680   0x00000000   Code   RO         4119    .text               mc_w.l(iusefp.o)
    0x08000680   0x08000680   0x000000ba   Code   RO         4120    .text               mf_w.l(depilogue.o)
    0x0800073a   0x0800073a   0x0000002e   Code   RO         4122    .text               mf_w.l(dscalb.o)
    0x08000768   0x08000768   0x00000088   Code   RO         4124    .text               mf_w.l(drnd.o)
    0x080007f0   0x080007f0   0x00000030   Code   RO         4128    .text               mf_w.l(cdrcmple.o)
    0x08000820   0x08000820   0x00000024   Code   RO         4130    .text               mc_w.l(init.o)
    0x08000844   0x08000844   0x000000a2   Code   RO         4134    .text               mf_w.l(dsqrt.o)
    0x080008e6   0x080008e6   0x0000008c   Code   RO          328    i.BoardInit         lcd.o
    0x08000972   0x08000972   0x00000004   Code   RO          803    i.BusFault_Handler  stm32f10x_it.o
    0x08000976   0x08000976   0x00000002   PAD
    0x08000978   0x08000978   0x00000238   Code   RO          329    i.ChessCapture      lcd.o
    0x08000bb0   0x08000bb0   0x000000e2   Code   RO          330    i.ChessClear        lcd.o
    0x08000c92   0x08000c92   0x00000002   PAD
    0x08000c94   0x08000c94   0x00000034   Code   RO          331    i.ChessInit         lcd.o
    0x08000cc8   0x08000cc8   0x00000094   Code   RO          332    i.ChessMove         lcd.o
    0x08000d5c   0x08000d5c   0x0000004a   Code   RO          333    i.ChessPut          lcd.o
    0x08000da6   0x08000da6   0x00000002   PAD
    0x08000da8   0x08000da8   0x00000020   Code   RO          334    i.ContSet           lcd.o
    0x08000dc8   0x08000dc8   0x00000044   Code   RO          335    i.DATAIN            lcd.o
    0x08000e0c   0x08000e0c   0x00000054   Code   RO          336    i.DATAOUT           lcd.o
    0x08000e60   0x08000e60   0x00000002   Code   RO          804    i.DebugMon_Handler  stm32f10x_it.o
    0x08000e62   0x08000e62   0x00000002   PAD
    0x08000e64   0x08000e64   0x00000028   Code   RO          337    i.EXTI2_IRQHandler  lcd.o
    0x08000e8c   0x08000e8c   0x00000020   Code   RO          117    i.EXTI9_5_IRQHandler  exti.o
    0x08000eac   0x08000eac   0x0000000c   Code   RO         2904    i.EXTI_ClearITPendingBit  stm32f10x_exti.o
    0x08000eb8   0x08000eb8   0x00000028   Code   RO         2908    i.EXTI_GetITStatus  stm32f10x_exti.o
    0x08000ee0   0x08000ee0   0x000000b8   Code   RO         2909    i.EXTI_Init         stm32f10x_exti.o
    0x08000f98   0x08000f98   0x00000032   Code   RO          338    i.FillDown          lcd.o
    0x08000fca   0x08000fca   0x00000032   Code   RO          339    i.FillLeft          lcd.o
    0x08000ffc   0x08000ffc   0x00000032   Code   RO          340    i.FillRight         lcd.o
    0x0800102e   0x0800102e   0x00000032   Code   RO          341    i.FillUp            lcd.o
    0x08001060   0x08001060   0x00000040   Code   RO         1455    i.GPIO_EXTILineConfig  stm32f10x_gpio.o
    0x080010a0   0x080010a0   0x00000116   Code   RO         1458    i.GPIO_Init         stm32f10x_gpio.o
    0x080011b6   0x080011b6   0x00000002   PAD
    0x080011b8   0x080011b8   0x00000070   Code   RO         1460    i.GPIO_PinRemapConfig  stm32f10x_gpio.o
    0x08001228   0x08001228   0x000000f4   Code   RO          342    i.Game              lcd.o
    0x0800131c   0x0800131c   0x00000060   Code   RO          343    i.GameCont          lcd.o
    0x0800137c   0x0800137c   0x0000001c   Code   RO          344    i.GameInit          lcd.o
    0x08001398   0x08001398   0x000000e4   Code   RO          345    i.GameMode          lcd.o
    0x0800147c   0x0800147c   0x00000068   Code   RO          346    i.GameOver          lcd.o
    0x080014e4   0x080014e4   0x00000004   Code   RO          805    i.HardFault_Handler  stm32f10x_it.o
    0x080014e8   0x080014e8   0x00000084   Code   RO          347    i.IsMoveable        lcd.o
    0x0800156c   0x0800156c   0x00000064   Code   RO          348    i.IsPlayerMoveable  lcd.o
    0x080015d0   0x080015d0   0x00000050   Code   RO          349    i.LCD_Clear         lcd.o
    0x08001620   0x08001620   0x00000044   Code   RO          351    i.LCD_Config_DIN    lcd.o
    0x08001664   0x08001664   0x00000038   Code   RO          352    i.LCD_Config_DOUT   lcd.o
    0x0800169c   0x0800169c   0x00000078   Code   RO          353    i.LCD_Configuration  lcd.o
    0x08001714   0x08001714   0x00000068   Code   RO          356    i.LCD_Display_Dir   lcd.o
    0x0800177c   0x0800177c   0x000000b0   Code   RO          357    i.LCD_DrawLine      lcd.o
    0x0800182c   0x0800182c   0x00000040   Code   RO          358    i.LCD_DrawPoint     lcd.o
    0x0800186c   0x0800186c   0x00000040   Code   RO          359    i.LCD_DrawRectangle  lcd.o
    0x080018ac   0x080018ac   0x00000154   Code   RO          360    i.LCD_Draw_Circle   lcd.o
    0x08001a00   0x08001a00   0x000000f8   Code   RO          361    i.LCD_Fast_DrawPoint  lcd.o
    0x08001af8   0x08001af8   0x000002ac   Code   RO          363    i.LCD_Init          lcd.o
    0x08001da4   0x08001da4   0x00000038   Code   RO          365    i.LCD_RD_DATA       lcd.o
    0x08001ddc   0x08001ddc   0x00000010   Code   RO          367    i.LCD_ReadReg       lcd.o
    0x08001dec   0x08001dec   0x00000064   Code   RO          369    i.LCD_Scan_Dir      lcd.o
    0x08001e50   0x08001e50   0x000000b0   Code   RO          370    i.LCD_SetCursor     lcd.o
    0x08001f00   0x08001f00   0x00000128   Code   RO          372    i.LCD_ShowChar      lcd.o
    0x08002028   0x08002028   0x00000066   Code   RO          374    i.LCD_ShowString    lcd.o
    0x0800208e   0x0800208e   0x00000002   PAD
    0x08002090   0x08002090   0x0000002c   Code   RO          376    i.LCD_WR_DATAX      lcd.o
    0x080020bc   0x080020bc   0x00000028   Code   RO          377    i.LCD_WR_REG        lcd.o
    0x080020e4   0x080020e4   0x0000002c   Code   RO          378    i.LCD_WriteRAM      lcd.o
    0x08002110   0x08002110   0x00000010   Code   RO          379    i.LCD_WriteRAM_Prepare  lcd.o
    0x08002120   0x08002120   0x00000034   Code   RO          380    i.LCD_WriteReg      lcd.o
    0x08002154   0x08002154   0x00000004   Code   RO          806    i.MemManage_Handler  stm32f10x_it.o
    0x08002158   0x08002158   0x00000034   Code   RO          381    i.ModeSet           lcd.o
    0x0800218c   0x0800218c   0x00000002   Code   RO          807    i.NMI_Handler       stm32f10x_it.o
    0x0800218e   0x0800218e   0x00000002   PAD
    0x08002190   0x08002190   0x00000070   Code   RO         1417    i.NVIC_Init         misc.o
    0x08002200   0x08002200   0x00000014   Code   RO         1418    i.NVIC_PriorityGroupConfig  misc.o
    0x08002214   0x08002214   0x00000014   Code   RO         1419    i.NVIC_SetVectorTable  misc.o
    0x08002228   0x08002228   0x00000002   Code   RO          808    i.PendSV_Handler    stm32f10x_it.o
    0x0800222a   0x0800222a   0x00000002   PAD
    0x0800222c   0x0800222c   0x00000020   Code   RO         1565    i.RCC_APB2PeriphClockCmd  stm32f10x_rcc.o
    0x0800224c   0x0800224c   0x000000d4   Code   RO         1573    i.RCC_GetClocksFreq  stm32f10x_rcc.o
    0x08002320   0x08002320   0x00000068   Code   RO          382    i.SPI_SndRecv       lcd.o
    0x08002388   0x08002388   0x00000088   Code   RO          383    i.SPI_X             lcd.o
    0x08002410   0x08002410   0x00000088   Code   RO          384    i.SPI_Y             lcd.o
    0x08002498   0x08002498   0x00000002   Code   RO          809    i.SVC_Handler       stm32f10x_it.o
    0x0800249a   0x0800249a   0x00000002   PAD
    0x0800249c   0x0800249c   0x00000014   Code   RO          763    i.Serial_GetRxData  serial.o
    0x080024b0   0x080024b0   0x0000001c   Code   RO          764    i.Serial_GetRxFlag  serial.o
    0x080024cc   0x080024cc   0x000000b8   Code   RO          765    i.Serial_Init       serial.o
    0x08002584   0x08002584   0x0000005c   Code   RO          766    i.Serial_Send       serial.o
    0x080025e0   0x080025e0   0x00000008   Code   RO         3702    i.SetSysClock       system_stm32f10x.o
    0x080025e8   0x080025e8   0x000000e4   Code   RO         3703    i.SetSysClockTo72   system_stm32f10x.o
    0x080026cc   0x080026cc   0x00000100   Code   RO          385    i.ShowStatus        lcd.o
    0x080027cc   0x080027cc   0x00000008   Code   RO          171    i.SysTick_Handler   systick.o
    0x080027d4   0x080027d4   0x00000050   Code   RO         3704    i.SystemInit        system_stm32f10x.o
    0x08002824   0x08002824   0x000000c4   Code   RO          810    i.TIM3_IRQHandler   stm32f10x_it.o
    0x080028e8   0x080028e8   0x00000006   Code   RO          880    i.TIM_ClearITPendingBit  stm32f10x_tim.o
    0x080028ee   0x080028ee   0x00000006   Code   RO          900    i.TIM_GetCapture1   stm32f10x_tim.o
    0x080028f4   0x080028f4   0x00000036   Code   RO          386    i.TOUCH_INT_EXIT_Init  lcd.o
    0x0800292a   0x0800292a   0x00000002   PAD
    0x0800292c   0x0800292c   0x00000024   Code   RO          387    i.TOUCH_INT_config  lcd.o
    0x08002950   0x08002950   0x00000032   Code   RO          388    i.TOUCH_InterruptConfig  lcd.o
    0x08002982   0x08002982   0x00000002   PAD
    0x08002984   0x08002984   0x00000060   Code   RO          389    i.TOUCH_SCREEN_INIT  lcd.o
    0x080029e4   0x080029e4   0x00000204   Code   RO          390    i.TouchScreen       lcd.o
    0x08002be8   0x08002be8   0x000002f4   Code   RO          391    i.Touch_Check       lcd.o
    0x08002edc   0x08002edc   0x00000014   Code   RO          392    i.Touch_Init        lcd.o
    0x08002ef0   0x08002ef0   0x00000040   Code   RO          767    i.USART1_IRQHandler  serial.o
    0x08002f30   0x08002f30   0x00000014   Code   RO         2469    i.USART_ClearITPendingBit  stm32f10x_usart.o
    0x08002f44   0x08002f44   0x00000018   Code   RO         2472    i.USART_Cmd         stm32f10x_usart.o
    0x08002f5c   0x08002f5c   0x00000012   Code   RO         2475    i.USART_GetFlagStatus  stm32f10x_usart.o
    0x08002f6e   0x08002f6e   0x0000004c   Code   RO         2476    i.USART_GetITStatus  stm32f10x_usart.o
    0x08002fba   0x08002fba   0x00000040   Code   RO         2478    i.USART_ITConfig    stm32f10x_usart.o
    0x08002ffa   0x08002ffa   0x00000002   PAD
    0x08002ffc   0x08002ffc   0x0000009c   Code   RO         2479    i.USART_Init        stm32f10x_usart.o
    0x08003098   0x08003098   0x0000000a   Code   RO         2484    i.USART_ReceiveData  stm32f10x_usart.o
    0x080030a2   0x080030a2   0x00000008   Code   RO         2487    i.USART_SendData    stm32f10x_usart.o
    0x080030aa   0x080030aa   0x00000004   Code   RO          811    i.UsageFault_Handler  stm32f10x_it.o
    0x080030ae   0x080030ae   0x00000002   PAD
    0x080030b0   0x080030b0   0x00000084   Code   RO          393    i.VarInit           lcd.o
    0x08003134   0x08003134   0x00000030   Code   RO         3903    i.__0snprintf$6     mc_w.l(printf6.o)
    0x08003164   0x08003164   0x00000028   Code   RO         4066    i.__ARM_fpclassify  m_ws.l(fpclassify.o)
    0x0800318c   0x0800318c   0x000000aa   Code   RO         4068    i.__kernel_poly     m_ws.l(poly.o)
    0x08003236   0x08003236   0x00000002   PAD
    0x08003238   0x08003238   0x00000010   Code   RO         4052    i.__mathlib_dbl_divzero  m_ws.l(dunder.o)
    0x08003248   0x08003248   0x00000004   Code   RO         4054    i.__mathlib_dbl_infnan2  m_ws.l(dunder.o)
    0x0800324c   0x0800324c   0x0000000c   Code   RO         4055    i.__mathlib_dbl_invalid  m_ws.l(dunder.o)
    0x08003258   0x08003258   0x0000000e   Code   RO         4056    i.__mathlib_dbl_overflow  m_ws.l(dunder.o)
    0x08003266   0x08003266   0x00000002   PAD
    0x08003268   0x08003268   0x00000010   Code   RO         4058    i.__mathlib_dbl_underflow  m_ws.l(dunder.o)
    0x08003278   0x08003278   0x0000000e   Code   RO         4138    i.__scatterload_copy  mc_w.l(handlers.o)
    0x08003286   0x08003286   0x00000002   Code   RO         4139    i.__scatterload_null  mc_w.l(handlers.o)
    0x08003288   0x08003288   0x0000000e   Code   RO         4140    i.__scatterload_zeroinit  mc_w.l(handlers.o)
    0x08003296   0x08003296   0x00000002   PAD
    0x08003298   0x08003298   0x0000000c   Code   RO         4114    i.__set_errno       mc_w.l(errno.o)
    0x080032a4   0x080032a4   0x000002f0   Code   RO         3909    i._printf_core      mc_w.l(printf6.o)
    0x08003594   0x08003594   0x00000024   Code   RO         3910    i._printf_post_padding  mc_w.l(printf6.o)
    0x080035b8   0x080035b8   0x0000002e   Code   RO         3911    i._printf_pre_padding  mc_w.l(printf6.o)
    0x080035e6   0x080035e6   0x00000016   Code   RO         3912    i._snputc           mc_w.l(printf6.o)
    0x080035fc   0x080035fc   0x00000016   Code   RO          394    i.delay_ms          lcd.o
    0x08003612   0x08003612   0x00000014   Code   RO          395    i.delay_us          lcd.o
    0x08003626   0x08003626   0x00000002   PAD
    0x08003628   0x08003628   0x00000050   Code   RO         4008    i.free              mc_w.l(malloc.o)
    0x08003678   0x08003678   0x00000020   Code   RO            1    i.main              main.o
    0x08003698   0x08003698   0x0000006c   Code   RO         4009    i.malloc            mc_w.l(malloc.o)
    0x08003704   0x08003704   0x000009d8   Code   RO         3731    i.pow               m_ws.l(pow.o)
    0x080040dc   0x080040dc   0x00000094   Code   RO         3740    i.round             m_ws.l(round.o)
    0x08004170   0x08004170   0x0000004c   Code   RO         4072    i.sqrt              m_ws.l(sqrt.o)
    0x080041bc   0x080041bc   0x00000058   Code   RO          173    i.time_handle       systick.o
    0x08004214   0x08004214   0x00001800   Data   RO          398    .constdata          lcd.o
    0x08005a14   0x08005a14   0x00000004   PAD
    0x08005a18   0x08005a18   0x00000088   Data   RO         3732    .constdata          m_ws.l(pow.o)
    0x08005aa0   0x08005aa0   0x00000008   Data   RO         4070    .constdata          m_ws.l(qnan.o)
    0x08005aa8   0x08005aa8   0x00000020   Data   RO         4136    Region$$Table       anon$$obj.o


    Execution Region RW_IRAM1 (Exec base: 0x20000000, Load base: 0x08005ac8, Size: 0x00000300, Max: 0x0000c000, ABSOLUTE)

    Exec Addr    Load Addr    Size         Type   Attr      Idx    E Section Name        Object

    0x20000000   0x08005ac8   0x00000004   Data   RW          121    .data               exti.o
    0x20000004   0x08005acc   0x0000000c   Data   RW          174    .data               systick.o
    0x20000010   0x08005ad8   0x0000000c   Data   RW          207    .data               uart.o
    0x2000001c   0x08005ae4   0x00000060   Data   RW          399    .data               lcd.o
    0x2000007c   0x08005b44   0x00000003   Data   RW          768    .data               serial.o
    0x2000007f   0x08005b47   0x00000001   PAD
    0x20000080   0x08005b48   0x00000018   Data   RW          812    .data               stm32f10x_it.o
    0x20000098   0x08005b60   0x00000014   Data   RW         1593    .data               stm32f10x_rcc.o
    0x200000ac   0x08005b74   0x00000004   Data   RW         4110    .data               mc_w.l(mvars.o)
    0x200000b0   0x08005b78   0x00000004   Data   RW         4111    .data               mc_w.l(mvars.o)
    0x200000b4   0x08005b7c   0x00000004   Data   RW         4115    .data               mc_w.l(errno.o)
    0x200000b8        -       0x00000047   Zero   RW          397    .bss                lcd.o
    0x200000ff   0x08005b80   0x00000001   PAD
    0x20000100        -       0x00000000   Zero   RW         3695    HEAP                startup_stm32f10x_hd.o
    0x20000100        -       0x00000200   Zero   RW         3694    STACK               startup_stm32f10x_hd.o


==============================================================================

Image component sizes


      Code (inc. data)   RO Data    RW Data    ZI Data      Debug   Object Name

        32          4          0          4          0        649   exti.o
      7896        832       6144         96         71      38815   lcd.o
        32          0          0          0          0     252595   main.o
       152         30          0          0          0       2229   misc.o
       388         44          0          3          0       3360   serial.o
        48         12        304          0        512        932   startup_stm32f10x_hd.o
       236         22          0          0          0       2220   stm32f10x_exti.o
       454         10          0          0          0       3320   stm32f10x_gpio.o
       220         32          0         24          0       4446   stm32f10x_it.o
       244         26          0         20          0       4013   stm32f10x_rcc.o
        12          0          0          0          0       4178   stm32f10x_tim.o
       376          6          0          0          0       7023   stm32f10x_usart.o
       316         20          0          0          0       1985   system_stm32f10x.o
        96         16          0         12          0       1167   systick.o
         0          0          0         12          0        946   uart.o

    ----------------------------------------------------------------------
     10530       1054       6484        172        584     327878   Object Totals
         0          0         32          0          0          0   (incl. Generated)
        28          0          4          1          1          0   (incl. Padding)

    ----------------------------------------------------------------------

      Code (inc. data)   RO Data    RW Data    ZI Data      Debug   Library Member Name

        62         10          0          0          0        340   dunder.o
        40          0          0          0          0         68   fpclassify.o
       170          0          0          0          0         96   poly.o
      2520        190        136          0          0        324   pow.o
         0          0          8          0          0          0   qnan.o
       148         12          0          0          0         88   round.o
        76          0          0          0          0         84   sqrt.o
         0          0          0          0          0          0   entry.o
         0          0          0          0          0          0   entry10a.o
         0          0          0          0          0          0   entry11a.o
         8          4          0          0          0          0   entry2.o
         4          0          0          0          0          0   entry5.o
         0          0          0          0          0          0   entry7b.o
         0          0          0          0          0          0   entry8b.o
         8          4          0          0          0          0   entry9a.o
        12          6          0          4          0         68   errno.o
        30          0          0          0          0          0   handlers.o
        36          8          0          0          0         68   init.o
         0          0          0          0          0          0   iusefp.o
        98          0          0          0          0         84   ldiv.o
        30          0          0          0          0         68   llshl.o
        36          0          0          0          0         68   llsshr.o
        32          0          0          0          0         68   llushr.o
       188         20          0          0          0        160   malloc.o
         0          0          0          8          0          0   mvars.o
       904          8          0          0          0        420   printf6.o
        44          0          0          0          0         80   uidiv.o
        98          0          0          0          0         92   uldiv.o
        48          0          0          0          0         68   cdcmple.o
        48          0          0          0          0         68   cdrcmple.o
       334          0          0          0          0        148   dadd.o
       222          0          0          0          0        100   ddiv.o
       186          0          0          0          0        176   depilogue.o
        62          0          0          0          0         80   dfixi.o
        34          0          0          0          0         76   dflti.o
        26          0          0          0          0         76   dfltui.o
       228          0          0          0          0         96   dmul.o
       136          4          0          0          0         92   drnd.o
        46          0          0          0          0         80   dscalb.o
       162          0          0          0          0        100   dsqrt.o

    ----------------------------------------------------------------------
      6082        266        144         12          0       3336   Library Totals
         6          0          0          0          0          0   (incl. Padding)

    ----------------------------------------------------------------------

      Code (inc. data)   RO Data    RW Data    ZI Data      Debug   Library Name

      3016        212        144          0          0       1000   m_ws.l
      1528         50          0         12          0       1176   mc_w.l
      1532          4          0          0          0       1160   mf_w.l

    ----------------------------------------------------------------------
      6082        266        144         12          0       3336   Library Totals

    ----------------------------------------------------------------------

==============================================================================


      Code (inc. data)   RO Data    RW Data    ZI Data      Debug   

     16612       1320       6628        184        584     324554   Grand Totals
     16612       1320       6628        184        584     324554   ELF Image Totals
     16612       1320       6628        184          0          0   ROM Totals

==============================================================================

    Total RO  Size (Code + RO Data)                23240 (  22.70kB)
    Total RW  Size (RW Data + ZI Data)               768 (   0.75kB)
    Total ROM Size (Code + RO Data + RW Data)      23424 (  22.88kB)

==============================================================================

